Component: ARM Compiler 5.06 update 5 (build 528) Tool: armlink [4d35e2]

==============================================================================

Section Cross References

    system_stm32f0xx.o(i.SystemCoreClockUpdate) refers to aeabi_sdiv.o(.text) for __aeabi_uidivmod
    system_stm32f0xx.o(i.SystemCoreClockUpdate) refers to system_stm32f0xx.o(.data) for .data
    system_stm32f0xx.o(i.SystemInit) refers to system_stm32f0xx.o(i.SetSysClock) for SetSysClock
    stm32f0xx_crs.o(i.CRS_DeInit) refers to stm32f0xx_rcc.o(i.RCC_APB1PeriphResetCmd) for RCC_APB1PeriphResetCmd
    stm32f0xx_flash.o(i.FLASH_EraseAllPages) refers to stm32f0xx_flash.o(i.FLASH_WaitForLastOperation) for FLASH_WaitForLastOperation
    stm32f0xx_flash.o(i.FLASH_ErasePage) refers to stm32f0xx_flash.o(i.FLASH_WaitForLastOperation) for FLASH_WaitForLastOperation
    stm32f0xx_flash.o(i.FLASH_OB_BOOT0Config) refers to stm32f0xx_flash.o(i.FLASH_WaitForLastOperation) for FLASH_WaitForLastOperation
    stm32f0xx_flash.o(i.FLASH_OB_BOOT0SWConfig) refers to stm32f0xx_flash.o(i.FLASH_WaitForLastOperation) for FLASH_WaitForLastOperation
    stm32f0xx_flash.o(i.FLASH_OB_BOOTConfig) refers to stm32f0xx_flash.o(i.FLASH_WaitForLastOperation) for FLASH_WaitForLastOperation
    stm32f0xx_flash.o(i.FLASH_OB_EnableWRP) refers to stm32f0xx_flash.o(i.FLASH_WaitForLastOperation) for FLASH_WaitForLastOperation
    stm32f0xx_flash.o(i.FLASH_OB_Erase) refers to stm32f0xx_flash.o(i.FLASH_OB_GetRDP) for FLASH_OB_GetRDP
    stm32f0xx_flash.o(i.FLASH_OB_Erase) refers to stm32f0xx_flash.o(i.FLASH_WaitForLastOperation) for FLASH_WaitForLastOperation
    stm32f0xx_flash.o(i.FLASH_OB_ProgramData) refers to stm32f0xx_flash.o(i.FLASH_WaitForLastOperation) for FLASH_WaitForLastOperation
    stm32f0xx_flash.o(i.FLASH_OB_RDPConfig) refers to stm32f0xx_flash.o(i.FLASH_WaitForLastOperation) for FLASH_WaitForLastOperation
    stm32f0xx_flash.o(i.FLASH_OB_SRAMParityConfig) refers to stm32f0xx_flash.o(i.FLASH_WaitForLastOperation) for FLASH_WaitForLastOperation
    stm32f0xx_flash.o(i.FLASH_OB_UserConfig) refers to stm32f0xx_flash.o(i.FLASH_WaitForLastOperation) for FLASH_WaitForLastOperation
    stm32f0xx_flash.o(i.FLASH_OB_VDDAConfig) refers to stm32f0xx_flash.o(i.FLASH_WaitForLastOperation) for FLASH_WaitForLastOperation
    stm32f0xx_flash.o(i.FLASH_OB_WriteUser) refers to stm32f0xx_flash.o(i.FLASH_WaitForLastOperation) for FLASH_WaitForLastOperation
    stm32f0xx_flash.o(i.FLASH_ProgramHalfWord) refers to stm32f0xx_flash.o(i.FLASH_WaitForLastOperation) for FLASH_WaitForLastOperation
    stm32f0xx_flash.o(i.FLASH_ProgramWord) refers to stm32f0xx_flash.o(i.FLASH_WaitForLastOperation) for FLASH_WaitForLastOperation
    stm32f0xx_flash.o(i.FLASH_WaitForLastOperation) refers to stm32f0xx_flash.o(i.FLASH_GetStatus) for FLASH_GetStatus
    stm32f0xx_gpio.o(i.GPIO_DeInit) refers to stm32f0xx_rcc.o(i.RCC_AHBPeriphResetCmd) for RCC_AHBPeriphResetCmd
    stm32f0xx_rcc.o(i.RCC_GetClocksFreq) refers to aeabi_sdiv.o(.text) for __aeabi_uidivmod
    stm32f0xx_rcc.o(i.RCC_GetClocksFreq) refers to stm32f0xx_rcc.o(.data) for .data
    stm32f0xx_rcc.o(i.RCC_WaitForHSEStartUp) refers to stm32f0xx_rcc.o(i.RCC_GetFlagStatus) for RCC_GetFlagStatus
    stm32f0xx_rtc.o(i.RTC_DeInit) refers to stm32f0xx_rtc.o(i.RTC_EnterInitMode) for RTC_EnterInitMode
    stm32f0xx_rtc.o(i.RTC_DeInit) refers to stm32f0xx_rtc.o(i.RTC_WaitForSynchro) for RTC_WaitForSynchro
    stm32f0xx_rtc.o(i.RTC_GetAlarm) refers to stm32f0xx_rtc.o(i.RTC_Bcd2ToByte) for RTC_Bcd2ToByte
    stm32f0xx_rtc.o(i.RTC_GetDate) refers to stm32f0xx_rtc.o(i.RTC_Bcd2ToByte) for RTC_Bcd2ToByte
    stm32f0xx_rtc.o(i.RTC_GetTime) refers to stm32f0xx_rtc.o(i.RTC_Bcd2ToByte) for RTC_Bcd2ToByte
    stm32f0xx_rtc.o(i.RTC_GetTimeStamp) refers to stm32f0xx_rtc.o(i.RTC_Bcd2ToByte) for RTC_Bcd2ToByte
    stm32f0xx_rtc.o(i.RTC_Init) refers to stm32f0xx_rtc.o(i.RTC_EnterInitMode) for RTC_EnterInitMode
    stm32f0xx_rtc.o(i.RTC_Init) refers to stm32f0xx_rtc.o(i.RTC_ExitInitMode) for RTC_ExitInitMode
    stm32f0xx_rtc.o(i.RTC_RefClockCmd) refers to stm32f0xx_rtc.o(i.RTC_EnterInitMode) for RTC_EnterInitMode
    stm32f0xx_rtc.o(i.RTC_RefClockCmd) refers to stm32f0xx_rtc.o(i.RTC_ExitInitMode) for RTC_ExitInitMode
    stm32f0xx_rtc.o(i.RTC_SetAlarm) refers to stm32f0xx_rtc.o(i.RTC_Bcd2ToByte) for RTC_Bcd2ToByte
    stm32f0xx_rtc.o(i.RTC_SetAlarm) refers to stm32f0xx_rtc.o(i.RTC_ByteToBcd2) for RTC_ByteToBcd2
    stm32f0xx_rtc.o(i.RTC_SetDate) refers to stm32f0xx_rtc.o(i.RTC_Bcd2ToByte) for RTC_Bcd2ToByte
    stm32f0xx_rtc.o(i.RTC_SetDate) refers to stm32f0xx_rtc.o(i.RTC_ByteToBcd2) for RTC_ByteToBcd2
    stm32f0xx_rtc.o(i.RTC_SetDate) refers to stm32f0xx_rtc.o(i.RTC_EnterInitMode) for RTC_EnterInitMode
    stm32f0xx_rtc.o(i.RTC_SetDate) refers to stm32f0xx_rtc.o(i.RTC_ExitInitMode) for RTC_ExitInitMode
    stm32f0xx_rtc.o(i.RTC_SetDate) refers to stm32f0xx_rtc.o(i.RTC_WaitForSynchro) for RTC_WaitForSynchro
[...]
    Removing stm32f0xx_wwdg.o(.rev16_text), (4 bytes).
    Removing stm32f0xx_wwdg.o(.revsh_text), (4 bytes).
    Removing stm32f0xx_wwdg.o(i.WWDG_ClearFlag), (12 bytes).
    Removing stm32f0xx_wwdg.o(i.WWDG_DeInit), (22 bytes).
    Removing stm32f0xx_wwdg.o(i.WWDG_Enable), (16 bytes).
    Removing stm32f0xx_wwdg.o(i.WWDG_EnableIT), (16 bytes).
    Removing stm32f0xx_wwdg.o(i.WWDG_GetFlagStatus), (20 bytes).
    Removing stm32f0xx_wwdg.o(i.WWDG_SetCounter), (16 bytes).
    Removing stm32f0xx_wwdg.o(i.WWDG_SetPrescaler), (20 bytes).
    Removing stm32f0xx_wwdg.o(i.WWDG_SetWindowValue), (28 bytes).
    Removing main.o(.rev16_text), (4 bytes).
    Removing main.o(.revsh_text), (4 bytes).
    Removing main.o(i.LCD_SHOW), (16 bytes).
    Removing main.o(.bss), (128 bytes).
    Removing main.o(.data), (1 bytes).
    Removing main.o(.data), (1 bytes).
    Removing stm32f0xx_it.o(.rev16_text), (4 bytes).
    Removing stm32f0xx_it.o(.revsh_text), (4 bytes).
    Removing gpio.o(.rev16_text), (4 bytes).
    Removing gpio.o(.revsh_text), (4 bytes).
    Removing lcd.o(.rev16_text), (4 bytes).
    Removing lcd.o(.revsh_text), (4 bytes).
    Removing lcd.o(i.LCD_ReadPoint), (16 bytes).
    Removing lcd.o(i.LCD_SetXY), (12 bytes).
    Removing lcd.o(i.LCD_WriteReg), (32 bytes).
    Removing uart.o(.rev16_text), (4 bytes).
    Removing uart.o(.revsh_text), (4 bytes).
    Removing uart.o(i.Buffercmp), (34 bytes).
    Removing uart.o(i.USART1_String), (52 bytes).
    Removing uart.o(i.USART2_String), (52 bytes).
    Removing uart.o(.bss), (46 bytes).
    Removing uart.o(.data), (1 bytes).
    Removing uart.o(.data), (1 bytes).
    Removing uart.o(.data), (47 bytes).
    Removing finger.o(.rev16_text), (4 bytes).
    Removing finger.o(.revsh_text), (4 bytes).
    Removing finger.o(i.Read_Finger_Form_Flash), (160 bytes).
    Removing finger.o(i.SHOW_CMD), (48 bytes).
    Removing finger.o(i.TIP_WRITE_FAILED), (48 bytes).
    Removing pc.o(.rev16_text), (4 bytes).
    Removing pc.o(.revsh_text), (4 bytes).
    Removing flash.o(.rev16_text), (4 bytes).
    Removing flash.o(.revsh_text), (4 bytes).
    Removing flash.o(i.PutData_into_Flash), (114 bytes).
    Removing flash.o(i.Read_From_Flash), (28 bytes).
    Removing flash.o(i.Write_to_Flash), (144 bytes).
    Removing flash.o(.data), (12 bytes).

391 unused section(s) (total 11159 bytes) removed from the image.

==============================================================================

Image Symbol Table

    Local Symbols

    Symbol Name                              Value     Ov Type        Size  Object(Section)

    ../clib/angel/boardlib.s                 0x00000000   Number         0  boardshut.o ABSOLUTE
    ../clib/angel/boardlib.s                 0x00000000   Number         0  boardinit2.o ABSOLUTE
    ../clib/angel/boardlib.s                 0x00000000   Number         0  boardinit3.o ABSOLUTE
    ../clib/angel/boardlib.s                 0x00000000   Number         0  boardinit1.o ABSOLUTE
    ../clib/angel/handlers.s                 0x00000000   Number         0  __scatter_zi.o ABSOLUTE
    ../clib/angel/handlers.s                 0x00000000   Number         0  __scatter_copy.o ABSOLUTE
    ../clib/angel/kernel.s                   0x00000000   Number         0  __rtentry4.o ABSOLUTE
    ../clib/angel/kernel.s                   0x00000000   Number         0  rtexit.o ABSOLUTE
    ../clib/angel/kernel.s                   0x00000000   Number         0  __rtentry2.o ABSOLUTE
    ../clib/angel/kernel.s                   0x00000000   Number         0  __rtentry.o ABSOLUTE
    ../clib/angel/kernel.s                   0x00000000   Number         0  rtexit2.o ABSOLUTE
    ../clib/angel/rt.s                       0x00000000   Number         0  aeabi_idiv0.o ABSOLUTE
    ../clib/angel/rt.s                       0x00000000   Number         0  aeabi_idiv0_sigfpe.o ABSOLUTE
    ../clib/angel/rt.s                       0x00000000   Number         0  rt_heap_descriptor.o ABSOLUTE
    ../clib/angel/rt.s                       0x00000000   Number         0  rt_raise.o ABSOLUTE
    ../clib/angel/rt.s                       0x00000000   Number         0  rt_errno_addr_intlibspace.o ABSOLUTE
    ../clib/angel/rt.s                       0x00000000   Number         0  rt_heap_descriptor_intlibspace.o ABSOLUTE
    ../clib/angel/rt.s                       0x00000000   Number         0  rt_errno_addr.o ABSOLUTE
    ../clib/angel/rt.s                       0x00000000   Number         0  rt_div0.o ABSOLUTE
    ../clib/angel/scatterp.s                 0x00000000   Number         0  __scatter.o ABSOLUTE
    ../clib/angel/startup.s                  0x00000000   Number         0  __main.o ABSOLUTE
    ../clib/angel/sys.s                      0x00000000   Number         0  tempstk.o ABSOLUTE
    ../clib/angel/sys.s                      0x00000000   Number         0  indicate_semi.o ABSOLUTE
    ../clib/angel/sys.s                      0x00000000   Number         0  use_no_semi.o ABSOLUTE
    ../clib/angel/sys.s                      0x00000000   Number         0  libspace.o ABSOLUTE
    ../clib/angel/sys.s                      0x00000000   Number         0  sys_stackheap_outer.o ABSOLUTE
    ../clib/angel/sys.s                      0x00000000   Number         0  mutex_dummy.o ABSOLUTE
    ../clib/angel/sysapp.c                   0x00000000   Number         0  sys_exit.o ABSOLUTE
    ../clib/angel/sysapp.c                   0x00000000   Number         0  sys_io.o ABSOLUTE
    ../clib/angel/sysapp.c                   0x00000000   Number         0  sys_wrch.o ABSOLUTE
    ../clib/angel/sysapp.c                   0x00000000   Number         0  sys_command.o ABSOLUTE
    ../clib/armsys.c                         0x00000000   Number         0  argv_veneer.o ABSOLUTE
    ../clib/armsys.c                         0x00000000   Number         0  no_argv.o ABSOLUTE
    ../clib/armsys.c                         0x00000000   Number         0  _get_argv.o ABSOLUTE
    ../clib/armsys.c                         0x00000000   Number         0  _get_argv_nomalloc.o ABSOLUTE
    ../clib/assert.c                         0x00000000   Number         0  assert_stdio.o ABSOLUTE
    ../clib/division.c                       0x00000000   Number         0  rtudiv10.o ABSOLUTE
    ../clib/division.s                       0x00000000   Number         0  aeabi_sdiv.o ABSOLUTE
    ../clib/division.s                       0x00000000   Number         0  aeabi_sdiv_div0.o ABSOLUTE
    ../clib/heap1.c                          0x00000000   Number         0  h1_init.o ABSOLUTE
    ../clib/heap1.c                          0x00000000   Number         0  h1_free_mt.o ABSOLUTE
    ../clib/heap1.c                          0x00000000   Number         0  h1_final_mt.o ABSOLUTE
    ../clib/heap1.c                          0x00000000   Number         0  h1_final.o ABSOLUTE
    ../clib/heap1.c                          0x00000000   Number         0  h1_free.o ABSOLUTE
    ../clib/heap1.c                          0x00000000   Number         0  h1_alloc.o ABSOLUTE
    ../clib/heap1.c                          0x00000000   Number         0  h1_extend_mt.o ABSOLUTE
    ../clib/heap1.c                          0x00000000   Number         0  h1_init_mt.o ABSOLUTE
    ../clib/heap1.c                          0x00000000   Number         0  h1_extend.o ABSOLUTE
    ../clib/heap1.c                          0x00000000   Number         0  h1_alloc_mt.o ABSOLUTE
    ../clib/heap2.c                          0x00000000   Number         0  fdtree.o ABSOLUTE
    ../clib/heap2.c                          0x00000000   Number         0  heap2mt.o ABSOLUTE
    ../clib/heap2.c                          0x00000000   Number         0  heap2.o ABSOLUTE
    ../clib/heapalloc.c                      0x00000000   Number         0  term_alloc.o ABSOLUTE
    ../clib/heapalloc.c                      0x00000000   Number         0  init_alloc.o ABSOLUTE
    ../clib/heapalloc.c                      0x00000000   Number         0  free.o ABSOLUTE
    ../clib/heapalloc.c                      0x00000000   Number         0  heapstubs.o ABSOLUTE
    ../clib/heapalloc.c                      0x00000000   Number         0  malloc.o ABSOLUTE
    ../clib/heapalloc.c                      0x00000000   Number         0  hrguard.o ABSOLUTE
    ../clib/heapalloc.c                      0x00000000   Number         0  maybetermalloc2.o ABSOLUTE
    ../clib/heapalloc.c                      0x00000000   Number         0  maybetermalloc2.o ABSOLUTE
    ../clib/heapalloc.c                      0x00000000   Number         0  maybetermalloc1.o ABSOLUTE
    ../clib/heapalloc.c                      0x00000000   Number         0  maybetermalloc1.o ABSOLUTE
    ../clib/heapalloc.c                      0x00000000   Number         0  hguard.o ABSOLUTE
    ../clib/heapaux.c                        0x00000000   Number         0  heapauxi.o ABSOLUTE
    ../clib/heapaux.c                        0x00000000   Number         0  heapauxa.o ABSOLUTE
    ../clib/libinit.s                        0x00000000   Number         0  libinit2.o ABSOLUTE
    ../clib/libinit.s                        0x00000000   Number         0  libshutdown2.o ABSOLUTE
    ../clib/libinit.s                        0x00000000   Number         0  libinit.o ABSOLUTE
    ../clib/libinit.s                        0x00000000   Number         0  libshutdown.o ABSOLUTE
    ../clib/memcpset.c                       0x00000000   Number         0  rt_memclr.o ABSOLUTE
    ../clib/memcpset.c                       0x00000000   Number         0  rt_memcpy.o ABSOLUTE
    ../clib/memcpset.c                       0x00000000   Number         0  rt_memcpy.o ABSOLUTE
    ../clib/misc.s                           0x00000000   Number         0  printf_stubs.o ABSOLUTE
    ../clib/printf.c                         0x00000000   Number         0  _sputc.o ABSOLUTE
    ../clib/printf.c                         0x00000000   Number         0  __printf_flags_ss_wp.o ABSOLUTE
    ../clib/printf.c                         0x00000000   Number         0  _printf_char_file.o ABSOLUTE
    ../clib/printf.c                         0x00000000   Number         0  __printf_ss.o ABSOLUTE
    ../clib/printf.c                         0x00000000   Number         0  __printf_wp.o ABSOLUTE
    ../clib/printf.c                         0x00000000   Number         0  _printf_char_file_locked.o ABSOLUTE
    ../clib/printf.c                         0x00000000   Number         0  __printf_ss_wp.o ABSOLUTE
    ../clib/printf.c                         0x00000000   Number         0  __printf_flags_wp.o ABSOLUTE
    ../clib/printf.c                         0x00000000   Number         0  __printf_flags_ss.o ABSOLUTE
    ../clib/printf.c                         0x00000000   Number         0  __printf_flags.o ABSOLUTE
    ../clib/printf.c                         0x00000000   Number         0  _printf_hex_int_ll_ptr.o ABSOLUTE
    ../clib/printf.c                         0x00000000   Number         0  _printf_hex_ll_ptr.o ABSOLUTE
    ../clib/printf.c                         0x00000000   Number         0  _printf_hex_int_ptr.o ABSOLUTE
    ../clib/printf.c                         0x00000000   Number         0  _printf_hex_ptr.o ABSOLUTE
    ../clib/printf.c                         0x00000000   Number         0  _printf_hex_int_ll.o ABSOLUTE
    ../clib/printf.c                         0x00000000   Number         0  __printf_nopercent.o ABSOLUTE
    ../clib/printf.c                         0x00000000   Number         0  noretval__2sprintf.o ABSOLUTE
    ../clib/printf.c                         0x00000000   Number         0  __2sprintf.o ABSOLUTE
    ../clib/printf.c                         0x00000000   Number         0  __2printf.o ABSOLUTE
    ../clib/printf.c                         0x00000000   Number         0  _printf_hex_int.o ABSOLUTE
    ../clib/printf.c                         0x00000000   Number         0  _printf_hex_ll.o ABSOLUTE
    ../clib/printf.c                         0x00000000   Number         0  _printf_dec.o ABSOLUTE
    ../clib/printf.c                         0x00000000   Number         0  _printf_pad.o ABSOLUTE
    ../clib/printf.c                         0x00000000   Number         0  noretval__2printf.o ABSOLUTE
    ../clib/printf.c                         0x00000000   Number         0  _printf_intcommon.o ABSOLUTE
    ../clib/printf.c                         0x00000000   Number         0  _printf_char_common.o ABSOLUTE
    ../clib/printf.c                         0x00000000   Number         0  __printf.o ABSOLUTE
    ../clib/printf_percent.s                 0x00000000   Number         0  _printf_x.o ABSOLUTE
    ../clib/printf_percent.s                 0x00000000   Number         0  _printf_percent_end.o ABSOLUTE
    ../clib/printf_percent.s                 0x00000000   Number         0  _printf_percent.o ABSOLUTE
    ../clib/printf_percent.s                 0x00000000   Number         0  _printf_d.o ABSOLUTE
    ../clib/signal.c                         0x00000000   Number         0  defsig_rtmem_formal.o ABSOLUTE
    ../clib/signal.c                         0x00000000   Number         0  defsig_rtred_inner.o ABSOLUTE
    ../clib/signal.c                         0x00000000   Number         0  defsig_rtred_formal.o ABSOLUTE
    ../clib/signal.c                         0x00000000   Number         0  defsig_rtmem_inner.o ABSOLUTE
    ../clib/signal.c                         0x00000000   Number         0  defsig_rtred_outer.o ABSOLUTE
    ../clib/signal.c                         0x00000000   Number         0  defsig_fpe_outer.o ABSOLUTE
    ../clib/signal.c                         0x00000000   Number         0  defsig_fpe_formal.o ABSOLUTE
    ../clib/signal.c                         0x00000000   Number         0  defsig_abrt_inner.o ABSOLUTE
    ../clib/signal.c                         0x00000000   Number         0  defsig_stak_inner.o ABSOLUTE
    ../clib/signal.c                         0x00000000   Number         0  defsig_pvfn_inner.o ABSOLUTE
    ../clib/signal.c                         0x00000000   Number         0  defsig_cppl_inner.o ABSOLUTE
    ../clib/signal.c                         0x00000000   Number         0  defsig_segv_inner.o ABSOLUTE
    ../clib/signal.c                         0x00000000   Number         0  defsig_other.o ABSOLUTE
    ../clib/signal.c                         0x00000000   Number         0  defsig_exit.o ABSOLUTE
    ../clib/signal.c                         0x00000000   Number         0  defsig_fpe_inner.o ABSOLUTE
    ../clib/signal.c                         0x00000000   Number         0  defsig_rtmem_outer.o ABSOLUTE
    ../clib/signal.c                         0x00000000   Number         0  defsig_general.o ABSOLUTE
    ../clib/signal.c                         0x00000000   Number         0  __raise.o ABSOLUTE
    ../clib/signal.s                         0x00000000   Number         0  defsig.o ABSOLUTE
    ../clib/stdio.c                          0x00000000   Number         0  stdio_streams.o ABSOLUTE
    ../clib/stdio.c                          0x00000000   Number         0  fopen_locked.o ABSOLUTE
    ../clib/stdio.c                          0x00000000   Number         0  setvbuf_locked.o ABSOLUTE
    ../clib/stdio.c                          0x00000000   Number         0  setvbuf.o ABSOLUTE
    ../clib/stdio.c                          0x00000000   Number         0  fclose.o ABSOLUTE
    ../clib/stdio.c                          0x00000000   Number         0  streamlock.o ABSOLUTE
    ../clib/stdio.c                          0x00000000   Number         0  fwritefast_locked.o ABSOLUTE
    ../clib/stdio.c                          0x00000000   Number         0  ferror.o ABSOLUTE
    ../clib/stdio.c                          0x00000000   Number         0  fputc.o ABSOLUTE
    ../clib/stdio.c                          0x00000000   Number         0  initio.o ABSOLUTE
    ../clib/stdio.c                          0x00000000   Number         0  fputc_locked.o ABSOLUTE
    ../clib/stdio.c                          0x00000000   Number         0  ferror_locked.o ABSOLUTE
    ../clib/stdio.c                          0x00000000   Number         0  fflush.o ABSOLUTE
    ../clib/stdio.c                          0x00000000   Number         0  initio_locked.o ABSOLUTE
    ../clib/stdio.c                          0x00000000   Number         0  fwritefast.o ABSOLUTE
    ../clib/stdio.c                          0x00000000   Number         0  fflush_locked.o ABSOLUTE
    ../clib/stdio.c                          0x00000000   Number         0  fputs_locked.o ABSOLUTE
    ../clib/stdio.c                          0x00000000   Number         0  ftell.o ABSOLUTE
    ../clib/stdio.c                          0x00000000   Number         0  stdio.o ABSOLUTE
    ../clib/stdio.c                          0x00000000   Number         0  fseek.o ABSOLUTE
    ../clib/stdio.c                          0x00000000   Number         0  fputs.o ABSOLUTE
    ../clib/stdio.c                          0x00000000   Number         0  fopen.o ABSOLUTE
    ../clib/stdio.c                          0x00000000   Number         0  flsbuf.o ABSOLUTE
    ../clib/stdlib.c                         0x00000000   Number         0  exit.o ABSOLUTE
    ../clib/string.c                         0x00000000   Number         0  strlen.o ABSOLUTE
    ../clib/wchar.c                          0x00000000   Number         0  flsbuf_fwide.o ABSOLUTE
    ../fplib/cfplib/fpinit.c                 0x00000000   Number         0  fpinit.o ABSOLUTE
    ..\CMSIS\startup_stm32f051.s             0x00000000   Number         0  startup_stm32f051.o ABSOLUTE
    ..\CMSIS\system_stm32f0xx.c              0x00000000   Number         0  system_stm32f0xx.o ABSOLUTE
    ..\LIB\STM32F0xx_StdPeriph_Driver\src\stm32f0xx_crc.c 0x00000000   Number         0  stm32f0xx_crc.o ABSOLUTE
    ..\LIB\STM32F0xx_StdPeriph_Driver\src\stm32f0xx_crs.c 0x00000000   Number         0  stm32f0xx_crs.o ABSOLUTE
    ..\LIB\STM32F0xx_StdPeriph_Driver\src\stm32f0xx_dma.c 0x00000000   Number         0  stm32f0xx_dma.o ABSOLUTE
    ..\LIB\STM32F0xx_StdPeriph_Driver\src\stm32f0xx_exti.c 0x00000000   Number         0  stm32f0xx_exti.o ABSOLUTE
    ..\LIB\STM32F0xx_StdPeriph_Driver\src\stm32f0xx_flash.c 0x00000000   Number         0  stm32f0xx_flash.o ABSOLUTE
    ..\LIB\STM32F0xx_StdPeriph_Driver\src\stm32f0xx_gpio.c 0x00000000   Number         0  stm32f0xx_gpio.o ABSOLUTE
    ..\LIB\STM32F0xx_StdPeriph_Driver\src\stm32f0xx_misc.c 0x00000000   Number         0  stm32f0xx_misc.o ABSOLUTE
    ..\LIB\STM32F0xx_StdPeriph_Driver\src\stm32f0xx_rcc.c 0x00000000   Number         0  stm32f0xx_rcc.o ABSOLUTE
    ..\LIB\STM32F0xx_StdPeriph_Driver\src\stm32f0xx_rtc.c 0x00000000   Number         0  stm32f0xx_rtc.o ABSOLUTE
    ..\LIB\STM32F0xx_StdPeriph_Driver\src\stm32f0xx_syscfg.c 0x00000000   Number         0  stm32f0xx_syscfg.o ABSOLUTE
    ..\LIB\STM32F0xx_StdPeriph_Driver\src\stm32f0xx_tim.c 0x00000000   Number         0  stm32f0xx_tim.o ABSOLUTE
    ..\LIB\STM32F0xx_StdPeriph_Driver\src\stm32f0xx_usart.c 0x00000000   Number         0  stm32f0xx_usart.o ABSOLUTE
    ..\LIB\STM32F0xx_StdPeriph_Driver\src\stm32f0xx_wwdg.c 0x00000000   Number         0  stm32f0xx_wwdg.o ABSOLUTE
    ..\USER\board\src\GPIO.c                 0x00000000   Number         0  gpio.o ABSOLUTE
    ..\USER\board\src\LCD.c                  0x00000000   Number         0  lcd.o ABSOLUTE
    ..\USER\board\src\PC.c                   0x00000000   Number         0  pc.o ABSOLUTE
    ..\USER\board\src\finger.c               0x00000000   Number         0  finger.o ABSOLUTE
    ..\USER\board\src\flash.c                0x00000000   Number         0  flash.o ABSOLUTE
    ..\USER\board\src\uart.c                 0x00000000   Number         0  uart.o ABSOLUTE
    ..\USER\main.c                           0x00000000   Number         0  main.o ABSOLUTE
    ..\USER\stm32f0xx_it.c                   0x00000000   Number         0  stm32f0xx_it.o ABSOLUTE
    ..\\CMSIS\\system_stm32f0xx.c            0x00000000   Number         0  system_stm32f0xx.o ABSOLUTE
    ..\\LIB\\STM32F0xx_StdPeriph_Driver\\src\\stm32f0xx_crc.c 0x00000000   Number         0  stm32f0xx_crc.o ABSOLUTE
    ..\\LIB\\STM32F0xx_StdPeriph_Driver\\src\\stm32f0xx_crs.c 0x00000000   Number         0  stm32f0xx_crs.o ABSOLUTE
    ..\\LIB\\STM32F0xx_StdPeriph_Driver\\src\\stm32f0xx_dma.c 0x00000000   Number         0  stm32f0xx_dma.o ABSOLUTE
    ..\\LIB\\STM32F0xx_StdPeriph_Driver\\src\\stm32f0xx_exti.c 0x00000000   Number         0  stm32f0xx_exti.o ABSOLUTE
    ..\\LIB\\STM32F0xx_StdPeriph_Driver\\src\\stm32f0xx_flash.c 0x00000000   Number         0  stm32f0xx_flash.o ABSOLUTE
    ..\\LIB\\STM32F0xx_StdPeriph_Driver\\src\\stm32f0xx_gpio.c 0x00000000   Number         0  stm32f0xx_gpio.o ABSOLUTE
    ..\\LIB\\STM32F0xx_StdPeriph_Driver\\src\\stm32f0xx_misc.c 0x00000000   Number         0  stm32f0xx_misc.o ABSOLUTE
    ..\\LIB\\STM32F0xx_StdPeriph_Driver\\src\\stm32f0xx_rcc.c 0x00000000   Number         0  stm32f0xx_rcc.o ABSOLUTE
    ..\\LIB\\STM32F0xx_StdPeriph_Driver\\src\\stm32f0xx_rtc.c 0x00000000   Number         0  stm32f0xx_rtc.o ABSOLUTE
    ..\\LIB\\STM32F0xx_StdPeriph_Driver\\src\\stm32f0xx_syscfg.c 0x00000000   Number         0  stm32f0xx_syscfg.o ABSOLUTE
    ..\\LIB\\STM32F0xx_StdPeriph_Driver\\src\\stm32f0xx_tim.c 0x00000000   Number         0  stm32f0xx_tim.o ABSOLUTE
    ..\\LIB\\STM32F0xx_StdPeriph_Driver\\src\\stm32f0xx_usart.c 0x00000000   Number         0  stm32f0xx_usart.o ABSOLUTE
    ..\\LIB\\STM32F0xx_StdPeriph_Driver\\src\\stm32f0xx_wwdg.c 0x00000000   Number         0  stm32f0xx_wwdg.o ABSOLUTE
    ..\\USER\\board\\src\\GPIO.c             0x00000000   Number         0  gpio.o ABSOLUTE
    ..\\USER\\board\\src\\LCD.c              0x00000000   Number         0  lcd.o ABSOLUTE
    ..\\USER\\board\\src\\PC.c               0x00000000   Number         0  pc.o ABSOLUTE
    ..\\USER\\board\\src\\finger.c           0x00000000   Number         0  finger.o ABSOLUTE
    ..\\USER\\board\\src\\flash.c            0x00000000   Number         0  flash.o ABSOLUTE
    ..\\USER\\board\\src\\uart.c             0x00000000   Number         0  uart.o ABSOLUTE
    ..\\USER\\main.c                         0x00000000   Number         0  main.o ABSOLUTE
    ..\\USER\\stm32f0xx_it.c                 0x00000000   Number         0  stm32f0xx_it.o ABSOLUTE
    dc.s                                     0x00000000   Number         0  dc.o ABSOLUTE
    RESET                                    0x08000000   Section      192  startup_stm32f051.o(RESET)
    !!!main                                  0x080000c0   Section        8  __main.o(!!!main)
    !!!scatter                               0x080000c8   Section       60  __scatter.o(!!!scatter)
    !!handler_copy                           0x08000104   Section       26  __scatter_copy.o(!!handler_copy)
    !!handler_zi                             0x08000120   Section       28  __scatter_zi.o(!!handler_zi)
    .ARM.Collect$$_printf_percent$$00000000  0x0800013c   Section        2  _printf_percent.o(.ARM.Collect$$_printf_percent$$00000000)
    .ARM.Collect$$_printf_percent$$00000009  0x0800013e   Section       10  _printf_d.o(.ARM.Collect$$_printf_percent$$00000009)
    .ARM.Collect$$_printf_percent$$00000017  0x08000148   Section        4  _printf_percent_end.o(.ARM.Collect$$_printf_percent$$00000017)
    .ARM.Collect$$libinit$$00000000          0x0800014c   Section        2  libinit.o(.ARM.Collect$$libinit$$00000000)
    .ARM.Collect$$libinit$$00000002          0x0800014e   Section        0  libinit2.o(.ARM.Collect$$libinit$$00000002)
    .ARM.Collect$$libinit$$00000004          0x0800014e   Section        0  libinit2.o(.ARM.Collect$$libinit$$00000004)
    .ARM.Collect$$libinit$$0000000A          0x0800014e   Section        0  libinit2.o(.ARM.Collect$$libinit$$0000000A)
    .ARM.Collect$$libinit$$0000000C          0x0800014e   Section        0  libinit2.o(.ARM.Collect$$libinit$$0000000C)
    .ARM.Collect$$libinit$$0000000E          0x0800014e   Section        0  libinit2.o(.ARM.Collect$$libinit$$0000000E)
    .ARM.Collect$$libinit$$00000011          0x0800014e   Section        0  libinit2.o(.ARM.Collect$$libinit$$00000011)
    .ARM.Collect$$libinit$$00000013          0x0800014e   Section        0  libinit2.o(.ARM.Collect$$libinit$$00000013)
    .ARM.Collect$$libinit$$00000015          0x0800014e   Section        0  libinit2.o(.ARM.Collect$$libinit$$00000015)
    .ARM.Collect$$libinit$$00000017          0x0800014e   Section        0  libinit2.o(.ARM.Collect$$libinit$$00000017)
    .ARM.Collect$$libinit$$00000019          0x0800014e   Section        0  libinit2.o(.ARM.Collect$$libinit$$00000019)
    .ARM.Collect$$libinit$$0000001B          0x0800014e   Section        0  libinit2.o(.ARM.Collect$$libinit$$0000001B)
    .ARM.Collect$$libinit$$0000001D          0x0800014e   Section        0  libinit2.o(.ARM.Collect$$libinit$$0000001D)
    .ARM.Collect$$libinit$$0000001F          0x0800014e   Section        0  libinit2.o(.ARM.Collect$$libinit$$0000001F)
    .ARM.Collect$$libinit$$00000021          0x0800014e   Section        0  libinit2.o(.ARM.Collect$$libinit$$00000021)
    .ARM.Collect$$libinit$$00000023          0x0800014e   Section        0  libinit2.o(.ARM.Collect$$libinit$$00000023)
    .ARM.Collect$$libinit$$00000025          0x0800014e   Section        0  libinit2.o(.ARM.Collect$$libinit$$00000025)
    .ARM.Collect$$libinit$$0000002C          0x0800014e   Section        0  libinit2.o(.ARM.Collect$$libinit$$0000002C)
    .ARM.Collect$$libinit$$0000002E          0x0800014e   Section        0  libinit2.o(.ARM.Collect$$libinit$$0000002E)
    .ARM.Collect$$libinit$$00000030          0x0800014e   Section        0  libinit2.o(.ARM.Collect$$libinit$$00000030)
    .ARM.Collect$$libinit$$00000032          0x0800014e   Section        0  libinit2.o(.ARM.Collect$$libinit$$00000032)
    .ARM.Collect$$libinit$$00000033          0x0800014e   Section        2  libinit2.o(.ARM.Collect$$libinit$$00000033)
    .ARM.Collect$$libshutdown$$00000000      0x08000150   Section        2  libshutdown.o(.ARM.Collect$$libshutdown$$00000000)
    .ARM.Collect$$libshutdown$$00000002      0x08000152   Section        0  libshutdown2.o(.ARM.Collect$$libshutdown$$00000002)
    .ARM.Collect$$libshutdown$$00000004      0x08000152   Section        0  libshutdown2.o(.ARM.Collect$$libshutdown$$00000004)
    .ARM.Collect$$libshutdown$$00000007      0x08000152   Section        0  libshutdown2.o(.ARM.Collect$$libshutdown$$00000007)
    .ARM.Collect$$libshutdown$$0000000A      0x08000152   Section        0  libshutdown2.o(.ARM.Collect$$libshutdown$$0000000A)
    .ARM.Collect$$libshutdown$$0000000C      0x08000152   Section        0  libshutdown2.o(.ARM.Collect$$libshutdown$$0000000C)
    .ARM.Collect$$libshutdown$$0000000F      0x08000152   Section        0  libshutdown2.o(.ARM.Collect$$libshutdown$$0000000F)
    .ARM.Collect$$libshutdown$$00000010      0x08000152   Section        2  libshutdown2.o(.ARM.Collect$$libshutdown$$00000010)
    .ARM.Collect$$rtentry$$00000000          0x08000154   Section        0  __rtentry.o(.ARM.Collect$$rtentry$$00000000)
    .ARM.Collect$$rtentry$$00000002          0x08000154   Section        0  __rtentry2.o(.ARM.Collect$$rtentry$$00000002)
    .ARM.Collect$$rtentry$$00000004          0x08000154   Section        6  __rtentry4.o(.ARM.Collect$$rtentry$$00000004)
    .ARM.Collect$$rtentry$$00000009          0x0800015a   Section        0  __rtentry2.o(.ARM.Collect$$rtentry$$00000009)
    .ARM.Collect$$rtentry$$0000000A          0x0800015a   Section        4  __rtentry2.o(.ARM.Collect$$rtentry$$0000000A)
    .ARM.Collect$$rtentry$$0000000C          0x0800015e   Section        0  __rtentry2.o(.ARM.Collect$$rtentry$$0000000C)
    .ARM.Collect$$rtentry$$0000000D          0x0800015e   Section        8  __rtentry2.o(.ARM.Collect$$rtentry$$0000000D)
    .ARM.Collect$$rtexit$$00000000           0x08000166   Section        2  rtexit.o(.ARM.Collect$$rtexit$$00000000)
    .ARM.Collect$$rtexit$$00000002           0x08000168   Section        0  rtexit2.o(.ARM.Collect$$rtexit$$00000002)
    .ARM.Collect$$rtexit$$00000003           0x08000168   Section        4  rtexit2.o(.ARM.Collect$$rtexit$$00000003)
    .ARM.Collect$$rtexit$$00000004           0x0800016c   Section        6  rtexit2.o(.ARM.Collect$$rtexit$$00000004)
    .text                                    0x08000174   Section      116  startup_stm32f051.o(.text)
    .text                                    0x080001e8   Section        0  noretval__2sprintf.o(.text)
    .text                                    0x08000210   Section        0  _printf_dec.o(.text)
    .text                                    0x0800027c   Section        0  __printf_flags_wp.o(.text)
    .text                                    0x080003b4   Section        0  rt_memclr.o(.text)
    .text                                    0x080003f4   Section      346  aeabi_sdiv.o(.text)
    .text                                    0x0800054e   Section        0  heapauxi.o(.text)
    .text                                    0x08000554   Section        0  _printf_intcommon.o(.text)
    .text                                    0x08000604   Section        0  _printf_char_common.o(.text)
    _printf_input_char                       0x08000605   Thumb Code    10  _printf_char_common.o(.text)
    .text                                    0x08000634   Section        0  _sputc.o(.text)
    .text                                    0x0800063e   Section        0  rtudiv10.o(.text)
    .text                                    0x08000666   Section       62  sys_stackheap_outer.o(.text)
    .text                                    0x080006a4   Section        0  exit.o(.text)
    .text                                    0x080006b4   Section        8  libspace.o(.text)
    .text                                    0x080006bc   Section        2  use_no_semi.o(.text)
    .text                                    0x080006be   Section        0  indicate_semi.o(.text)
    .text                                    0x080006c0   Section        0  sys_exit.o(.text)
    i.ASCK_ADD                               0x080006cc   Section        0  pc.o(i.ASCK_ADD)
    i.ASCK_DEl                               0x080006f4   Section        0  pc.o(i.ASCK_DEl)
    i.Board_GpioInit                         0x0800071c   Section        0  gpio.o(i.Board_GpioInit)
    i.Combine_Finger_Feature                 0x080007d0   Section        0  finger.o(i.Combine_Finger_Feature)
    i.Count_Init                             0x0800085c   Section        0  main.o(i.Count_Init)
    i.Data_Length                            0x080008ac   Section        0  pc.o(i.Data_Length)
    i.Del_finger                             0x080008d8   Section        0  finger.o(i.Del_finger)
    i.Delay                                  0x08000978   Section        0  finger.o(i.Delay)
    i.Delay_ms                               0x08000990   Section        0  lcd.o(i.Delay_ms)
    i.EXTI0_1_IRQHandler                     0x080009a8   Section        0  stm32f0xx_it.o(i.EXTI0_1_IRQHandler)
    i.EXTI_ClearITPendingBit                 0x080009e8   Section        0  stm32f0xx_exti.o(i.EXTI_ClearITPendingBit)
    i.EXTI_GetITStatus                       0x080009f4   Section        0  stm32f0xx_exti.o(i.EXTI_GetITStatus)
    i.EXTI_Init                              0x08000a08   Section        0  stm32f0xx_exti.o(i.EXTI_Init)
    i.Empty_The_FinLib                       0x08000a74   Section        0  finger.o(i.Empty_The_FinLib)
    i.FLASH_ErasePage                        0x08000b0c   Section        0  stm32f0xx_flash.o(i.FLASH_ErasePage)
    i.FLASH_GetStatus                        0x08000b44   Section        0  stm32f0xx_flash.o(i.FLASH_GetStatus)
    i.FLASH_Lock                             0x08000b6c   Section        0  stm32f0xx_flash.o(i.FLASH_Lock)
    i.FLASH_PrefetchBufferCmd                0x08000b7c   Section        0  stm32f0xx_flash.o(i.FLASH_PrefetchBufferCmd)
    i.FLASH_ProgramHalfWord                  0x08000b94   Section        0  stm32f0xx_flash.o(i.FLASH_ProgramHalfWord)
    i.FLASH_SetLatency                       0x08000bc8   Section        0  stm32f0xx_flash.o(i.FLASH_SetLatency)
    i.FLASH_Unlock                           0x08000bdc   Section        0  stm32f0xx_flash.o(i.FLASH_Unlock)
    i.FLASH_WaitForLastOperation             0x08000bfc   Section        0  stm32f0xx_flash.o(i.FLASH_WaitForLastOperation)
    i.Finger_Feature_AND_Save_charbuffer1or2 0x08000c20   Section        0  finger.o(i.Finger_Feature_AND_Save_charbuffer1or2)
    i.Finger_Search_AND_Save_Image           0x08000cac   Section        0  finger.o(i.Finger_Search_AND_Save_Image)
    i.Flash_Read                             0x08000d38   Section        0  main.o(i.Flash_Read)
    i.Flash_pageWrite                        0x08000d50   Section        0  main.o(i.Flash_pageWrite)
    i.GPIO_Init                              0x08000d78   Section        0  stm32f0xx_gpio.o(i.GPIO_Init)
    i.GPIO_PinAFConfig                       0x08000de8   Section        0  stm32f0xx_gpio.o(i.GPIO_PinAFConfig)
    i.GUI_DrawPoint                          0x08000e08   Section        0  lcd.o(i.GUI_DrawPoint)
    i.Get_Data_Length                        0x08000e20   Section        0  finger.o(i.Get_Data_Length)
    i.Get_NUM                                0x08000e4c   Section        0  finger.o(i.Get_NUM)
    i.Get_Pack_Length                        0x08000ed0   Section        0  finger.o(i.Get_Pack_Length)
    i.Gui_DrawFont_GBK16                     0x08000f44   Section        0  lcd.o(i.Gui_DrawFont_GBK16)
    i.HardFault_Handler                      0x08001068   Section        0  stm32f0xx_it.o(i.HardFault_Handler)
    i.LCD_Clear                              0x0800106a   Section        0  lcd.o(i.LCD_Clear)
    i.LCD_Init                               0x08001098   Section        0  lcd.o(i.LCD_Init)
    i.LCD_SetRegion                          0x080010c6   Section        0  lcd.o(i.LCD_SetRegion)
    i.LCD_WriteCmd                           0x0800111c   Section        0  lcd.o(i.LCD_WriteCmd)
    i.LCD_WriteData                          0x08001138   Section        0  lcd.o(i.LCD_WriteData)
    i.LCD_WriteData_16Bit                    0x08001154   Section        0  lcd.o(i.LCD_WriteData_16Bit)
    i.NMI_Handler                            0x0800117c   Section        0  stm32f0xx_it.o(i.NMI_Handler)
    i.NVIC_Init                              0x08001180   Section        0  stm32f0xx_misc.o(i.NVIC_Init)
    i.Pack_Data                              0x080011d0   Section        0  pc.o(i.Pack_Data)
    i.PendSV_Handler                         0x08001210   Section        0  stm32f0xx_it.o(i.PendSV_Handler)
    i.RCC_AHBPeriphClockCmd                  0x08001214   Section        0  stm32f0xx_rcc.o(i.RCC_AHBPeriphClockCmd)
    i.RCC_APB1PeriphClockCmd                 0x0800122c   Section        0  stm32f0xx_rcc.o(i.RCC_APB1PeriphClockCmd)
    i.RCC_APB2PeriphClockCmd                 0x08001244   Section        0  stm32f0xx_rcc.o(i.RCC_APB2PeriphClockCmd)
    i.RCC_GetClocksFreq                      0x0800125c   Section        0  stm32f0xx_rcc.o(i.RCC_GetClocksFreq)
    i.RCC_HSICmd                             0x080013d4   Section        0  stm32f0xx_rcc.o(i.RCC_HSICmd)
    i.SPI_WriteData                          0x080013f0   Section        0  lcd.o(i.SPI_WriteData)
    i.SVC_Handler                            0x08001420   Section        0  stm32f0xx_it.o(i.SVC_Handler)
    i.SYSCFG_EXTILineConfig                  0x08001424   Section        0  stm32f0xx_syscfg.o(i.SYSCFG_EXTILineConfig)
    i.Save_Finger_To_Flash                   0x0800144c   Section        0  finger.o(i.Save_Finger_To_Flash)
    i.Search_Fingerlib                       0x080014ec   Section        0  finger.o(i.Search_Fingerlib)
    i.Send_Command                           0x08001598   Section        0  finger.o(i.Send_Command)
    i.Send_Match_OK                          0x080015ac   Section        0  pc.o(i.Send_Match_OK)
    i.Send_PACK                              0x080015d4   Section        0  pc.o(i.Send_PACK)
    i.SetSysClock                            0x080015e4   Section        0  system_stm32f0xx.o(i.SetSysClock)
    SetSysClock                              0x080015e5   Thumb Code   142  system_stm32f0xx.o(i.SetSysClock)
    i.Show_Image                             0x0800167c   Section        0  lcd.o(i.Show_Image)
    i.SysTick_Handler                        0x080016b0   Section        0  stm32f0xx_it.o(i.SysTick_Handler)
    i.SystemInit                             0x080016b4   Section        0  system_stm32f0xx.o(i.SystemInit)
    i.TIP_DELATE_ALL                         0x08001714   Section        0  finger.o(i.TIP_DELATE_ALL)
    i.TIP_FAILED                             0x08001744   Section        0  finger.o(i.TIP_FAILED)
    i.TIP_SUCCESS                            0x08001760   Section        0  finger.o(i.TIP_SUCCESS)
    i.TIP_WRITE_SUCCESS                      0x0800177c   Section        0  finger.o(i.TIP_WRITE_SUCCESS)
    i.USART1_IRQHandler                      0x080017a8   Section        0  stm32f0xx_it.o(i.USART1_IRQHandler)
    i.USART1_RECV_Handle                     0x0800181c   Section        0  uart.o(i.USART1_RECV_Handle)
    i.USART1_SendData                        0x08001874   Section        0  uart.o(i.USART1_SendData)
    i.USART2_IRQHandler                      0x080018a4   Section        0  stm32f0xx_it.o(i.USART2_IRQHandler)
    i.USART2_SendData                        0x08001918   Section        0  uart.o(i.USART2_SendData)
    i.USART_ClearITPendingBit                0x08001948   Section        0  stm32f0xx_usart.o(i.USART_ClearITPendingBit)
    i.USART_Cmd                              0x08001952   Section        0  stm32f0xx_usart.o(i.USART_Cmd)
    i.USART_GetFlagStatus                    0x08001966   Section        0  stm32f0xx_usart.o(i.USART_GetFlagStatus)
    i.USART_GetITStatus                      0x08001974   Section        0  stm32f0xx_usart.o(i.USART_GetITStatus)
    i.USART_ITConfig                         0x080019ac   Section        0  stm32f0xx_usart.o(i.USART_ITConfig)
    i.USART_Init                             0x080019d8   Section        0  stm32f0xx_usart.o(i.USART_Init)
    i.USART_ReceiveData                      0x08001a80   Section        0  stm32f0xx_usart.o(i.USART_ReceiveData)
    i.USART_SendData                         0x08001a88   Section        0  stm32f0xx_usart.o(i.USART_SendData)
    i.User_USART_Init                        0x08001a90   Section        0  uart.o(i.User_USART_Init)
    i._is_digit                              0x08001bb0   Section        0  __printf_wp.o(i._is_digit)
    i.main                                   0x08001bc0   Section        0  main.o(i.main)
    .constdata                               0x08001f68   Section    32768  main.o(.constdata)
    .constdata                               0x08009f68   Section     2337  lcd.o(.constdata)
    .constdata                               0x0800a889   Section       17  __printf_flags_wp.o(.constdata)
    maptable                                 0x0800a889   Data          17  __printf_flags_wp.o(.constdata)
    .data                                    0x20000000   Section       16  stm32f0xx_rcc.o(.data)
    APBAHBPrescTable                         0x20000000   Data          16  stm32f0xx_rcc.o(.data)
    .data                                    0x20000010   Section        1  main.o(.data)
    .data                                    0x20000011   Section        1  main.o(.data)
    .data                                    0x20000012   Section        1  main.o(.data)
    .data                                    0x20000013   Section        1  main.o(.data)
    .data                                    0x20000014   Section        8  main.o(.data)
    FingerCount                              0x20000018   Data           2  main.o(.data)
    .data                                    0x2000001c   Section        1  main.o(.data)
    .data                                    0x2000001d   Section        1  main.o(.data)
    .data                                    0x2000001e   Section        1  gpio.o(.data)
    .data                                    0x2000001f   Section        1  gpio.o(.data)
    .data                                    0x20000020   Section        4  finger.o(.data)
    .data                                    0x20000024   Section       12  pc.o(.data)
    .bss                                     0x20000030   Section      328  main.o(.bss)
    finger_flag                              0x200000b0   Data         200  main.o(.bss)
    .bss                                     0x20000178   Section      128  main.o(.bss)
    .bss                                     0x200001f8   Section      128  main.o(.bss)
    .bss                                     0x20000278   Section      404  finger.o(.bss)
    .bss                                     0x2000040c   Section      100  pc.o(.bss)
    .bss                                     0x20000470   Section       96  libspace.o(.bss)
    HEAP                                     0x200004d0   Section      512  startup_stm32f051.o(HEAP)
    Heap_Mem                                 0x200004d0   Data         512  startup_stm32f051.o(HEAP)
    STACK                                    0x200006d0   Section     1024  startup_stm32f051.o(STACK)
    Stack_Mem                                0x200006d0   Data        1024  startup_stm32f051.o(STACK)
    __initial_sp                             0x20000ad0   Data           0  startup_stm32f051.o(STACK)

    Global Symbols

    Symbol Name                              Value     Ov Type        Size  Object(Section)

    BuildAttributes$$THM_ISAv3M$S$PE$A:L22$X:L11$S22$IEEE1$IW$USESV6$~STKCKD$USESV7$~SHL$OTIME$ROPI$EBA8$UX$STANDARDLIB$REQ8$PRES8$EABIv2 0x00000000   Number         0  anon$$obj.o ABSOLUTE
    __ARM_use_no_argv                        0x00000000   Number         0  main.o ABSOLUTE
    _printf_flags                            0x00000000   Number         0  printf_stubs.o ABSOLUTE
    _printf_return_value                     0x00000000   Number         0  printf_stubs.o ABSOLUTE
    _printf_sizespec                         0x00000000   Number         0  printf_stubs.o ABSOLUTE
    _printf_widthprec                        0x00000000   Number         0  printf_stubs.o ABSOLUTE
    __ARM_exceptions_init                     - Undefined Weak Reference
    __alloca_initialize                       - Undefined Weak Reference
    __arm_preinit_                            - Undefined Weak Reference
    __cpp_initialize__aeabi_                  - Undefined Weak Reference
    __cxa_finalize                            - Undefined Weak Reference
    __rt_locale                               - Undefined Weak Reference
    __sigvec_lookup                           - Undefined Weak Reference
    __user_heap_extent                        - Undefined Weak Reference
    _atexit_init                              - Undefined Weak Reference
    _call_atexit_fns                          - Undefined Weak Reference
    _clock_init                               - Undefined Weak Reference
    _fp_trap_init                             - Undefined Weak Reference
    _fp_trap_shutdown                         - Undefined Weak Reference
    _get_lc_collate                           - Undefined Weak Reference
    _get_lc_ctype                             - Undefined Weak Reference
    _get_lc_monetary                          - Undefined Weak Reference
    _get_lc_numeric                           - Undefined Weak Reference
    _get_lc_time                              - Undefined Weak Reference
    _getenv_init                              - Undefined Weak Reference
    _handle_redirection                       - Undefined Weak Reference
    _mutex_acquire                            - Undefined Weak Reference
    _mutex_free                               - Undefined Weak Reference
    _mutex_release                            - Undefined Weak Reference
    _printf_truncate_signed                   - Undefined Weak Reference
    _printf_truncate_unsigned                 - Undefined Weak Reference
    _rand_init                                - Undefined Weak Reference
    _signal_finish                            - Undefined Weak Reference
    _signal_init                              - Undefined Weak Reference
    __Vectors_Size                           0x000000c0   Number         0  startup_stm32f051.o ABSOLUTE
    __Vectors                                0x08000000   Data           4  startup_stm32f051.o(RESET)
    __Vectors_End                            0x080000c0   Data           0  startup_stm32f051.o(RESET)
    __main                                   0x080000c1   Thumb Code     8  __main.o(!!!main)
    __scatterload                            0x080000c9   Thumb Code     0  __scatter.o(!!!scatter)
    __scatterload_rt2                        0x080000c9   Thumb Code    52  __scatter.o(!!!scatter)
    __scatterload_rt2_thumb_only             0x080000c9   Thumb Code     0  __scatter.o(!!!scatter)
    __scatterload_null                       0x080000d9   Thumb Code     0  __scatter.o(!!!scatter)
    __scatterload_copy                       0x08000105   Thumb Code    26  __scatter_copy.o(!!handler_copy)
    __scatterload_zeroinit                   0x08000121   Thumb Code    28  __scatter_zi.o(!!handler_zi)
    _printf_percent                          0x0800013d   Thumb Code     0  _printf_percent.o(.ARM.Collect$$_printf_percent$$00000000)
    _printf_d                                0x0800013f   Thumb Code     0  _printf_d.o(.ARM.Collect$$_printf_percent$$00000009)
    _printf_percent_end                      0x08000149   Thumb Code     0  _printf_percent_end.o(.ARM.Collect$$_printf_percent$$00000017)
    __rt_lib_init                            0x0800014d   Thumb Code     0  libinit.o(.ARM.Collect$$libinit$$00000000)
    __rt_lib_init_alloca_1                   0x0800014f   Thumb Code     0  libinit2.o(.ARM.Collect$$libinit$$0000002E)
    __rt_lib_init_argv_1                     0x0800014f   Thumb Code     0  libinit2.o(.ARM.Collect$$libinit$$0000002C)
    __rt_lib_init_atexit_1                   0x0800014f   Thumb Code     0  libinit2.o(.ARM.Collect$$libinit$$0000001B)
    __rt_lib_init_clock_1                    0x0800014f   Thumb Code     0  libinit2.o(.ARM.Collect$$libinit$$00000021)
    __rt_lib_init_cpp_1                      0x0800014f   Thumb Code     0  libinit2.o(.ARM.Collect$$libinit$$00000032)
    __rt_lib_init_exceptions_1               0x0800014f   Thumb Code     0  libinit2.o(.ARM.Collect$$libinit$$00000030)
    __rt_lib_init_fp_1                       0x0800014f   Thumb Code     0  libinit2.o(.ARM.Collect$$libinit$$00000002)
    __rt_lib_init_fp_trap_1                  0x0800014f   Thumb Code     0  libinit2.o(.ARM.Collect$$libinit$$0000001F)
    __rt_lib_init_getenv_1                   0x0800014f   Thumb Code     0  libinit2.o(.ARM.Collect$$libinit$$00000023)
    __rt_lib_init_heap_1                     0x0800014f   Thumb Code     0  libinit2.o(.ARM.Collect$$libinit$$0000000A)
    __rt_lib_init_lc_collate_1               0x0800014f   Thumb Code     0  libinit2.o(.ARM.Collect$$libinit$$00000011)
    __rt_lib_init_lc_ctype_1                 0x0800014f   Thumb Code     0  libinit2.o(.ARM.Collect$$libinit$$00000013)
    __rt_lib_init_lc_monetary_1              0x0800014f   Thumb Code     0  libinit2.o(.ARM.Collect$$libinit$$00000015)
    __rt_lib_init_lc_numeric_1               0x0800014f   Thumb Code     0  libinit2.o(.ARM.Collect$$libinit$$00000017)
    __rt_lib_init_lc_time_1                  0x0800014f   Thumb Code     0  libinit2.o(.ARM.Collect$$libinit$$00000019)
    __rt_lib_init_preinit_1                  0x0800014f   Thumb Code     0  libinit2.o(.ARM.Collect$$libinit$$00000004)
    __rt_lib_init_rand_1                     0x0800014f   Thumb Code     0  libinit2.o(.ARM.Collect$$libinit$$0000000E)
    __rt_lib_init_return                     0x0800014f   Thumb Code     0  libinit2.o(.ARM.Collect$$libinit$$00000033)
    __rt_lib_init_signal_1                   0x0800014f   Thumb Code     0  libinit2.o(.ARM.Collect$$libinit$$0000001D)
    __rt_lib_init_stdio_1                    0x0800014f   Thumb Code     0  libinit2.o(.ARM.Collect$$libinit$$00000025)
    __rt_lib_init_user_alloc_1               0x0800014f   Thumb Code     0  libinit2.o(.ARM.Collect$$libinit$$0000000C)
    __rt_lib_shutdown                        0x08000151   Thumb Code     0  libshutdown.o(.ARM.Collect$$libshutdown$$00000000)
    __rt_lib_shutdown_cpp_1                  0x08000153   Thumb Code     0  libshutdown2.o(.ARM.Collect$$libshutdown$$00000002)
    __rt_lib_shutdown_fp_trap_1              0x08000153   Thumb Code     0  libshutdown2.o(.ARM.Collect$$libshutdown$$00000007)
    __rt_lib_shutdown_heap_1                 0x08000153   Thumb Code     0  libshutdown2.o(.ARM.Collect$$libshutdown$$0000000F)
    __rt_lib_shutdown_return                 0x08000153   Thumb Code     0  libshutdown2.o(.ARM.Collect$$libshutdown$$00000010)
    __rt_lib_shutdown_signal_1               0x08000153   Thumb Code     0  libshutdown2.o(.ARM.Collect$$libshutdown$$0000000A)
    __rt_lib_shutdown_stdio_1                0x08000153   Thumb Code     0  libshutdown2.o(.ARM.Collect$$libshutdown$$00000004)
    __rt_lib_shutdown_user_alloc_1           0x08000153   Thumb Code     0  libshutdown2.o(.ARM.Collect$$libshutdown$$0000000C)
    __rt_entry                               0x08000155   Thumb Code     0  __rtentry.o(.ARM.Collect$$rtentry$$00000000)
    __rt_entry_presh_1                       0x08000155   Thumb Code     0  __rtentry2.o(.ARM.Collect$$rtentry$$00000002)
    __rt_entry_sh                            0x08000155   Thumb Code     0  __rtentry4.o(.ARM.Collect$$rtentry$$00000004)
    __rt_entry_li                            0x0800015b   Thumb Code     0  __rtentry2.o(.ARM.Collect$$rtentry$$0000000A)
    __rt_entry_postsh_1                      0x0800015b   Thumb Code     0  __rtentry2.o(.ARM.Collect$$rtentry$$00000009)
    __rt_entry_main                          0x0800015f   Thumb Code     0  __rtentry2.o(.ARM.Collect$$rtentry$$0000000D)
    __rt_entry_postli_1                      0x0800015f   Thumb Code     0  __rtentry2.o(.ARM.Collect$$rtentry$$0000000C)
    __rt_exit                                0x08000167   Thumb Code     0  rtexit.o(.ARM.Collect$$rtexit$$00000000)
    __rt_exit_ls                             0x08000169   Thumb Code     0  rtexit2.o(.ARM.Collect$$rtexit$$00000003)
    __rt_exit_prels_1                        0x08000169   Thumb Code     0  rtexit2.o(.ARM.Collect$$rtexit$$00000002)
    __rt_exit_exit                           0x0800016d   Thumb Code     0  rtexit2.o(.ARM.Collect$$rtexit$$00000004)
    Reset_Handler                            0x08000175   Thumb Code    38  startup_stm32f051.o(.text)
    ADC1_COMP_IRQHandler                     0x080001a5   Thumb Code     0  startup_stm32f051.o(.text)
    CEC_IRQHandler                           0x080001a5   Thumb Code     0  startup_stm32f051.o(.text)
    DMA1_Channel1_IRQHandler                 0x080001a5   Thumb Code     0  startup_stm32f051.o(.text)
    DMA1_Channel2_3_IRQHandler               0x080001a5   Thumb Code     0  startup_stm32f051.o(.text)
    DMA1_Channel4_5_IRQHandler               0x080001a5   Thumb Code     0  startup_stm32f051.o(.text)
    EXTI2_3_IRQHandler                       0x080001a5   Thumb Code     0  startup_stm32f051.o(.text)
    EXTI4_15_IRQHandler                      0x080001a5   Thumb Code     0  startup_stm32f051.o(.text)
    FLASH_IRQHandler                         0x080001a5   Thumb Code     0  startup_stm32f051.o(.text)
    I2C1_IRQHandler                          0x080001a5   Thumb Code     0  startup_stm32f051.o(.text)
    I2C2_IRQHandler                          0x080001a5   Thumb Code     0  startup_stm32f051.o(.text)
    PVD_IRQHandler                           0x080001a5   Thumb Code     0  startup_stm32f051.o(.text)
    RCC_IRQHandler                           0x080001a5   Thumb Code     0  startup_stm32f051.o(.text)
    RTC_IRQHandler                           0x080001a5   Thumb Code     0  startup_stm32f051.o(.text)
    SPI1_IRQHandler                          0x080001a5   Thumb Code     0  startup_stm32f051.o(.text)
    SPI2_IRQHandler                          0x080001a5   Thumb Code     0  startup_stm32f051.o(.text)
    TIM14_IRQHandler                         0x080001a5   Thumb Code     0  startup_stm32f051.o(.text)
    TIM15_IRQHandler                         0x080001a5   Thumb Code     0  startup_stm32f051.o(.text)
    TIM16_IRQHandler                         0x080001a5   Thumb Code     0  startup_stm32f051.o(.text)
    TIM17_IRQHandler                         0x080001a5   Thumb Code     0  startup_stm32f051.o(.text)
    TIM1_BRK_UP_TRG_COM_IRQHandler           0x080001a5   Thumb Code     0  startup_stm32f051.o(.text)
    TIM1_CC_IRQHandler                       0x080001a5   Thumb Code     0  startup_stm32f051.o(.text)
    TIM2_IRQHandler                          0x080001a5   Thumb Code     0  startup_stm32f051.o(.text)
    TIM3_IRQHandler                          0x080001a5   Thumb Code     0  startup_stm32f051.o(.text)
    TIM6_DAC_IRQHandler                      0x080001a5   Thumb Code     0  startup_stm32f051.o(.text)
    TS_IRQHandler                            0x080001a5   Thumb Code     0  startup_stm32f051.o(.text)
    WWDG_IRQHandler                          0x080001a5   Thumb Code     0  startup_stm32f051.o(.text)
    __user_initial_stackheap                 0x080001a9   Thumb Code     0  startup_stm32f051.o(.text)
    __2sprintf                               0x080001e9   Thumb Code    36  noretval__2sprintf.o(.text)
    _printf_int_dec                          0x08000211   Thumb Code    90  _printf_dec.o(.text)
    __printf                                 0x0800027d   Thumb Code   306  __printf_flags_wp.o(.text)
    _memset_w                                0x080003b5   Thumb Code    26  rt_memclr.o(.text)
    _memset                                  0x080003cf   Thumb Code    30  rt_memclr.o(.text)
    __aeabi_memclr                           0x080003ed   Thumb Code     4  rt_memclr.o(.text)
    __rt_memclr                              0x080003ed   Thumb Code     0  rt_memclr.o(.text)
    __aeabi_memclr4                          0x080003f1   Thumb Code     0  rt_memclr.o(.text)
    __aeabi_memclr8                          0x080003f1   Thumb Code     0  rt_memclr.o(.text)
    __rt_memclr_w                            0x080003f1   Thumb Code     4  rt_memclr.o(.text)
    __aeabi_uidiv                            0x080003f5   Thumb Code     0  aeabi_sdiv.o(.text)
    __aeabi_uidivmod                         0x080003f5   Thumb Code    20  aeabi_sdiv.o(.text)
    __aeabi_idiv                             0x08000409   Thumb Code     0  aeabi_sdiv.o(.text)
    __aeabi_idivmod                          0x08000409   Thumb Code   326  aeabi_sdiv.o(.text)
    __use_two_region_memory                  0x0800054f   Thumb Code     2  heapauxi.o(.text)
    __rt_heap_escrow                         0x08000551   Thumb Code     2  heapauxi.o(.text)
    __rt_heap_expand                         0x08000553   Thumb Code     2  heapauxi.o(.text)
    _printf_int_common                       0x08000555   Thumb Code   176  _printf_intcommon.o(.text)
    _printf_char_common                      0x0800060f   Thumb Code    32  _printf_char_common.o(.text)
    _sputc                                   0x08000635   Thumb Code    10  _sputc.o(.text)
    __rt_udiv10                              0x0800063f   Thumb Code    40  rtudiv10.o(.text)
    __user_setup_stackheap                   0x08000667   Thumb Code    62  sys_stackheap_outer.o(.text)
    exit                                     0x080006a5   Thumb Code    16  exit.o(.text)
    __user_libspace                          0x080006b5   Thumb Code     8  libspace.o(.text)
    __user_perproc_libspace                  0x080006b5   Thumb Code     0  libspace.o(.text)
    __user_perthread_libspace                0x080006b5   Thumb Code     0  libspace.o(.text)
    __I$use$semihosting                      0x080006bd   Thumb Code     0  use_no_semi.o(.text)
    __use_no_semihosting_swi                 0x080006bd   Thumb Code     2  use_no_semi.o(.text)
    __semihosting_library_function           0x080006bf   Thumb Code     0  indicate_semi.o(.text)
    _sys_exit                                0x080006c1   Thumb Code     8  sys_exit.o(.text)
    ASCK_ADD                                 0x080006cd   Thumb Code    32  pc.o(i.ASCK_ADD)
    ASCK_DEl                                 0x080006f5   Thumb Code    30  pc.o(i.ASCK_DEl)
    Board_GpioInit                           0x0800071d   Thumb Code   176  gpio.o(i.Board_GpioInit)
    Combine_Finger_Feature                   0x080007d1   Thumb Code   124  finger.o(i.Combine_Finger_Feature)
    Count_Init                               0x0800085d   Thumb Code    70  main.o(i.Count_Init)
    Data_Length                              0x080008ad   Thumb Code    38  pc.o(i.Data_Length)
    Del_finger                               0x080008d9   Thumb Code   144  finger.o(i.Del_finger)
    Delay                                    0x08000979   Thumb Code    24  finger.o(i.Delay)
    Delay_ms                                 0x08000991   Thumb Code    24  lcd.o(i.Delay_ms)
    EXTI0_1_IRQHandler                       0x080009a9   Thumb Code    50  stm32f0xx_it.o(i.EXTI0_1_IRQHandler)
    EXTI_ClearITPendingBit                   0x080009e9   Thumb Code     6  stm32f0xx_exti.o(i.EXTI_ClearITPendingBit)
    EXTI_GetITStatus                         0x080009f5   Thumb Code    16  stm32f0xx_exti.o(i.EXTI_GetITStatus)
    EXTI_Init                                0x08000a09   Thumb Code   102  stm32f0xx_exti.o(i.EXTI_Init)
    Empty_The_FinLib                         0x08000a75   Thumb Code   130  finger.o(i.Empty_The_FinLib)
    FLASH_ErasePage                          0x08000b0d   Thumb Code    52  stm32f0xx_flash.o(i.FLASH_ErasePage)
    FLASH_GetStatus                          0x08000b45   Thumb Code    34  stm32f0xx_flash.o(i.FLASH_GetStatus)
    FLASH_Lock                               0x08000b6d   Thumb Code    12  stm32f0xx_flash.o(i.FLASH_Lock)
    FLASH_PrefetchBufferCmd                  0x08000b7d   Thumb Code    20  stm32f0xx_flash.o(i.FLASH_PrefetchBufferCmd)
    FLASH_ProgramHalfWord                    0x08000b95   Thumb Code    48  stm32f0xx_flash.o(i.FLASH_ProgramHalfWord)
    FLASH_SetLatency                         0x08000bc9   Thumb Code    14  stm32f0xx_flash.o(i.FLASH_SetLatency)
    FLASH_Unlock                             0x08000bdd   Thumb Code    18  stm32f0xx_flash.o(i.FLASH_Unlock)
    FLASH_WaitForLastOperation               0x08000bfd   Thumb Code    34  stm32f0xx_flash.o(i.FLASH_WaitForLastOperation)
    Finger_Feature_AND_Save_charbuffer1or2   0x08000c21   Thumb Code   122  finger.o(i.Finger_Feature_AND_Save_charbuffer1or2)
    Finger_Search_AND_Save_Image             0x08000cad   Thumb Code   122  finger.o(i.Finger_Search_AND_Save_Image)
    Flash_Read                               0x08000d39   Thumb Code    24  main.o(i.Flash_Read)
    Flash_pageWrite                          0x08000d51   Thumb Code    40  main.o(i.Flash_pageWrite)
    GPIO_Init                                0x08000d79   Thumb Code   112  stm32f0xx_gpio.o(i.GPIO_Init)
    GPIO_PinAFConfig                         0x08000de9   Thumb Code    32  stm32f0xx_gpio.o(i.GPIO_PinAFConfig)
    GUI_DrawPoint                            0x08000e09   Thumb Code    24  lcd.o(i.GUI_DrawPoint)
    Get_Data_Length                          0x08000e21   Thumb Code    38  finger.o(i.Get_Data_Length)
    Get_NUM                                  0x08000e4d   Thumb Code   110  finger.o(i.Get_NUM)
    Get_Pack_Length                          0x08000ed1   Thumb Code   110  finger.o(i.Get_Pack_Length)
    Gui_DrawFont_GBK16                       0x08000f45   Thumb Code   284  lcd.o(i.Gui_DrawFont_GBK16)
    HardFault_Handler                        0x08001069   Thumb Code     2  stm32f0xx_it.o(i.HardFault_Handler)
    LCD_Clear                                0x0800106b   Thumb Code    46  lcd.o(i.LCD_Clear)
    LCD_Init                                 0x08001099   Thumb Code    46  lcd.o(i.LCD_Init)
    LCD_SetRegion                            0x080010c7   Thumb Code    86  lcd.o(i.LCD_SetRegion)
    LCD_WriteCmd                             0x0800111d   Thumb Code    24  lcd.o(i.LCD_WriteCmd)
    LCD_WriteData                            0x08001139   Thumb Code    24  lcd.o(i.LCD_WriteData)
    LCD_WriteData_16Bit                      0x08001155   Thumb Code    34  lcd.o(i.LCD_WriteData_16Bit)
    NMI_Handler                              0x0800117d   Thumb Code     2  stm32f0xx_it.o(i.NMI_Handler)
    NVIC_Init                                0x08001181   Thumb Code    70  stm32f0xx_misc.o(i.NVIC_Init)
    Pack_Data                                0x080011d1   Thumb Code    54  pc.o(i.Pack_Data)
    PendSV_Handler                           0x08001211   Thumb Code     2  stm32f0xx_it.o(i.PendSV_Handler)
    RCC_AHBPeriphClockCmd                    0x08001215   Thumb Code    18  stm32f0xx_rcc.o(i.RCC_AHBPeriphClockCmd)
    RCC_APB1PeriphClockCmd                   0x0800122d   Thumb Code    18  stm32f0xx_rcc.o(i.RCC_APB1PeriphClockCmd)
    RCC_APB2PeriphClockCmd                   0x08001245   Thumb Code    18  stm32f0xx_rcc.o(i.RCC_APB2PeriphClockCmd)
    RCC_GetClocksFreq                        0x0800125d   Thumb Code   346  stm32f0xx_rcc.o(i.RCC_GetClocksFreq)
    RCC_HSICmd                               0x080013d5   Thumb Code    22  stm32f0xx_rcc.o(i.RCC_HSICmd)
    SPI_WriteData                            0x080013f1   Thumb Code    42  lcd.o(i.SPI_WriteData)
    SVC_Handler                              0x08001421   Thumb Code     2  stm32f0xx_it.o(i.SVC_Handler)
    SYSCFG_EXTILineConfig                    0x08001425   Thumb Code    34  stm32f0xx_syscfg.o(i.SYSCFG_EXTILineConfig)
    Save_Finger_To_Flash                     0x0800144d   Thumb Code   142  finger.o(i.Save_Finger_To_Flash)
    Search_Fingerlib                         0x080014ed   Thumb Code   156  finger.o(i.Search_Fingerlib)
    Send_Command                             0x08001599   Thumb Code    18  finger.o(i.Send_Command)
    Send_Match_OK                            0x080015ad   Thumb Code    34  pc.o(i.Send_Match_OK)
    Send_PACK                                0x080015d5   Thumb Code    16  pc.o(i.Send_PACK)
    Show_Image                               0x0800167d   Thumb Code    52  lcd.o(i.Show_Image)
    SysTick_Handler                          0x080016b1   Thumb Code     2  stm32f0xx_it.o(i.SysTick_Handler)
    SystemInit                               0x080016b5   Thumb Code    84  system_stm32f0xx.o(i.SystemInit)
    TIP_DELATE_ALL                           0x08001715   Thumb Code    42  finger.o(i.TIP_DELATE_ALL)
    TIP_FAILED                               0x08001745   Thumb Code    24  finger.o(i.TIP_FAILED)
    TIP_SUCCESS                              0x08001761   Thumb Code    22  finger.o(i.TIP_SUCCESS)
    TIP_WRITE_SUCCESS                        0x0800177d   Thumb Code    40  finger.o(i.TIP_WRITE_SUCCESS)
    USART1_IRQHandler                        0x080017a9   Thumb Code    86  stm32f0xx_it.o(i.USART1_IRQHandler)
    USART1_RECV_Handle                       0x0800181d   Thumb Code    64  uart.o(i.USART1_RECV_Handle)
    USART1_SendData                          0x08001875   Thumb Code    42  uart.o(i.USART1_SendData)
    USART2_IRQHandler                        0x080018a5   Thumb Code    86  stm32f0xx_it.o(i.USART2_IRQHandler)
    USART2_SendData                          0x08001919   Thumb Code    42  uart.o(i.USART2_SendData)
    USART_ClearITPendingBit                  0x08001949   Thumb Code    10  stm32f0xx_usart.o(i.USART_ClearITPendingBit)
    USART_Cmd                                0x08001953   Thumb Code    20  stm32f0xx_usart.o(i.USART_Cmd)
    USART_GetFlagStatus                      0x08001967   Thumb Code    14  stm32f0xx_usart.o(i.USART_GetFlagStatus)
    USART_GetITStatus                        0x08001975   Thumb Code    56  stm32f0xx_usart.o(i.USART_GetITStatus)
    USART_ITConfig                           0x080019ad   Thumb Code    42  stm32f0xx_usart.o(i.USART_ITConfig)
    USART_Init                               0x080019d9   Thumb Code   148  stm32f0xx_usart.o(i.USART_Init)
    USART_ReceiveData                        0x08001a81   Thumb Code     8  stm32f0xx_usart.o(i.USART_ReceiveData)
    USART_SendData                           0x08001a89   Thumb Code     8  stm32f0xx_usart.o(i.USART_SendData)
    User_USART_Init                          0x08001a91   Thumb Code   272  uart.o(i.User_USART_Init)
    _is_digit                                0x08001bb1   Thumb Code    14  __printf_wp.o(i._is_digit)
    main                                     0x08001bc1   Thumb Code   726  main.o(i.main)
    gImage_app                               0x08001f68   Data       32768  main.o(.constdata)
    asc16                                    0x08009f68   Data        1521  lcd.o(.constdata)
    hz16                                     0x0800a559   Data         816  lcd.o(.constdata)
    Region$$Table$$Base                      0x0800a89c   Number         0  anon$$obj.o(Region$$Table)
    Region$$Table$$Limit                     0x0800a8bc   Number         0  anon$$obj.o(Region$$Table)
    RxCounter                                0x20000010   Data           1  main.o(.data)
    ReceiveState                             0x20000011   Data           1  main.o(.data)
    RxCounter2                               0x20000012   Data           1  main.o(.data)
    ReceiveState2                            0x20000013   Data           1  main.o(.data)
    person                                   0x20000014   Data           1  main.o(.data)
    add_finger                               0x20000015   Data           1  main.o(.data)
    del_finger                               0x20000016   Data           1  main.o(.data)
    del_all                                  0x20000017   Data           1  main.o(.data)
    NUM_Finger                               0x2000001a   Data           2  main.o(.data)
    rcvlen                                   0x2000001c   Data           1  main.o(.data)
    rcvlen2                                  0x2000001d   Data           1  main.o(.data)
    KEY2_FLAG                                0x2000001e   Data           1  gpio.o(.data)
    KEY3_FLAG                                0x2000001f   Data           1  gpio.o(.data)
    fcmd_length                              0x20000020   Data           1  finger.o(.data)
    Person_num                               0x20000022   Data           2  finger.o(.data)
    P_Data                                   0x20000024   Data           4  pc.o(.data)
    sendpack                                 0x20000028   Data           8  pc.o(.data)
    Show_find_man_num                        0x20000030   Data         128  main.o(.bss)
    uart2_recv_buf                           0x20000178   Data         128  main.o(.bss)
    aRxBuffer                                0x200001f8   Data         128  main.o(.bss)
    FPM_Data                                 0x20000278   Data         128  finger.o(.bss)
    FPM_CMD                                  0x200002f8   Data          20  finger.o(.bss)
    UART_FPM_CMD                             0x2000030c   Data         256  finger.o(.bss)
    UART_send_data                           0x2000040c   Data         100  pc.o(.bss)
    __libspace_start                         0x20000470   Data          96  libspace.o(.bss)
    __temporary_stack_top$libspace           0x200004d0   Data           0  libspace.o(.bss)



==============================================================================

Memory Map of the image

  Image Entry point : 0x080000c1

  Load Region LR_IROM1 (Base: 0x08000000, Size: 0x0000a8ec, Max: 0x00010000, ABSOLUTE)

    Execution Region ER_IROM1 (Exec base: 0x08000000, Load base: 0x08000000, Size: 0x0000a8bc, Max: 0x00010000, ABSOLUTE)

    Exec Addr    Load Addr    Size         Type   Attr      Idx    E Section Name        Object

    0x08000000   0x08000000   0x000000c0   Data   RO         2546    RESET               startup_stm32f051.o
    0x080000c0   0x080000c0   0x00000008   Code   RO         3040  * !!!main             c_p.l(__main.o)
    0x080000c8   0x080000c8   0x0000003c   Code   RO         3403    !!!scatter          c_p.l(__scatter.o)
    0x08000104   0x08000104   0x0000001a   Code   RO         3405    !!handler_copy      c_p.l(__scatter_copy.o)
    0x0800011e   0x0800011e   0x00000002   PAD
    0x08000120   0x08000120   0x0000001c   Code   RO         3407    !!handler_zi        c_p.l(__scatter_zi.o)
    0x0800013c   0x0800013c   0x00000002   Code   RO         3029    .ARM.Collect$$_printf_percent$$00000000  c_p.l(_printf_percent.o)
    0x0800013e   0x0800013e   0x0000000a   Code   RO         3028    .ARM.Collect$$_printf_percent$$00000009  c_p.l(_printf_d.o)
    0x08000148   0x08000148   0x00000004   Code   RO         3055    .ARM.Collect$$_printf_percent$$00000017  c_p.l(_printf_percent_end.o)
    0x0800014c   0x0800014c   0x00000002   Code   RO         3191    .ARM.Collect$$libinit$$00000000  c_p.l(libinit.o)
    0x0800014e   0x0800014e   0x00000000   Code   RO         3193    .ARM.Collect$$libinit$$00000002  c_p.l(libinit2.o)
    0x0800014e   0x0800014e   0x00000000   Code   RO         3195    .ARM.Collect$$libinit$$00000004  c_p.l(libinit2.o)
    0x0800014e   0x0800014e   0x00000000   Code   RO         3198    .ARM.Collect$$libinit$$0000000A  c_p.l(libinit2.o)
    0x0800014e   0x0800014e   0x00000000   Code   RO         3200    .ARM.Collect$$libinit$$0000000C  c_p.l(libinit2.o)
    0x0800014e   0x0800014e   0x00000000   Code   RO         3202    .ARM.Collect$$libinit$$0000000E  c_p.l(libinit2.o)
    0x0800014e   0x0800014e   0x00000000   Code   RO         3205    .ARM.Collect$$libinit$$00000011  c_p.l(libinit2.o)
    0x0800014e   0x0800014e   0x00000000   Code   RO         3207    .ARM.Collect$$libinit$$00000013  c_p.l(libinit2.o)
    0x0800014e   0x0800014e   0x00000000   Code   RO         3209    .ARM.Collect$$libinit$$00000015  c_p.l(libinit2.o)
    0x0800014e   0x0800014e   0x00000000   Code   RO         3211    .ARM.Collect$$libinit$$00000017  c_p.l(libinit2.o)
    0x0800014e   0x0800014e   0x00000000   Code   RO         3213    .ARM.Collect$$libinit$$00000019  c_p.l(libinit2.o)
    0x0800014e   0x0800014e   0x00000000   Code   RO         3215    .ARM.Collect$$libinit$$0000001B  c_p.l(libinit2.o)
    0x0800014e   0x0800014e   0x00000000   Code   RO         3217    .ARM.Collect$$libinit$$0000001D  c_p.l(libinit2.o)
    0x0800014e   0x0800014e   0x00000000   Code   RO         3219    .ARM.Collect$$libinit$$0000001F  c_p.l(libinit2.o)
    0x0800014e   0x0800014e   0x00000000   Code   RO         3221    .ARM.Collect$$libinit$$00000021  c_p.l(libinit2.o)
    0x0800014e   0x0800014e   0x00000000   Code   RO         3223    .ARM.Collect$$libinit$$00000023  c_p.l(libinit2.o)
    0x0800014e   0x0800014e   0x00000000   Code   RO         3225    .ARM.Collect$$libinit$$00000025  c_p.l(libinit2.o)
    0x0800014e   0x0800014e   0x00000000   Code   RO         3229    .ARM.Collect$$libinit$$0000002C  c_p.l(libinit2.o)
    0x0800014e   0x0800014e   0x00000000   Code   RO         3231    .ARM.Collect$$libinit$$0000002E  c_p.l(libinit2.o)
    0x0800014e   0x0800014e   0x00000000   Code   RO         3233    .ARM.Collect$$libinit$$00000030  c_p.l(libinit2.o)
    0x0800014e   0x0800014e   0x00000000   Code   RO         3235    .ARM.Collect$$libinit$$00000032  c_p.l(libinit2.o)
    0x0800014e   0x0800014e   0x00000002   Code   RO         3236    .ARM.Collect$$libinit$$00000033  c_p.l(libinit2.o)
    0x08000150   0x08000150   0x00000002   Code   RO         3384    .ARM.Collect$$libshutdown$$00000000  c_p.l(libshutdown.o)
    0x08000152   0x08000152   0x00000000   Code   RO         3238    .ARM.Collect$$libshutdown$$00000002  c_p.l(libshutdown2.o)
    0x08000152   0x08000152   0x00000000   Code   RO         3240    .ARM.Collect$$libshutdown$$00000004  c_p.l(libshutdown2.o)
    0x08000152   0x08000152   0x00000000   Code   RO         3243    .ARM.Collect$$libshutdown$$00000007  c_p.l(libshutdown2.o)
    0x08000152   0x08000152   0x00000000   Code   RO         3246    .ARM.Collect$$libshutdown$$0000000A  c_p.l(libshutdown2.o)
    0x08000152   0x08000152   0x00000000   Code   RO         3248    .ARM.Collect$$libshutdown$$0000000C  c_p.l(libshutdown2.o)
    0x08000152   0x08000152   0x00000000   Code   RO         3251    .ARM.Collect$$libshutdown$$0000000F  c_p.l(libshutdown2.o)
    0x08000152   0x08000152   0x00000002   Code   RO         3252    .ARM.Collect$$libshutdown$$00000010  c_p.l(libshutdown2.o)
    0x08000154   0x08000154   0x00000000   Code   RO         3042    .ARM.Collect$$rtentry$$00000000  c_p.l(__rtentry.o)
    0x08000154   0x08000154   0x00000000   Code   RO         3065    .ARM.Collect$$rtentry$$00000002  c_p.l(__rtentry2.o)
    0x08000154   0x08000154   0x00000006   Code   RO         3077    .ARM.Collect$$rtentry$$00000004  c_p.l(__rtentry4.o)
    0x0800015a   0x0800015a   0x00000000   Code   RO         3067    .ARM.Collect$$rtentry$$00000009  c_p.l(__rtentry2.o)
    0x0800015a   0x0800015a   0x00000004   Code   RO         3068    .ARM.Collect$$rtentry$$0000000A  c_p.l(__rtentry2.o)
    0x0800015e   0x0800015e   0x00000000   Code   RO         3070    .ARM.Collect$$rtentry$$0000000C  c_p.l(__rtentry2.o)
    0x0800015e   0x0800015e   0x00000008   Code   RO         3071    .ARM.Collect$$rtentry$$0000000D  c_p.l(__rtentry2.o)
    0x08000166   0x08000166   0x00000002   Code   RO         3262    .ARM.Collect$$rtexit$$00000000  c_p.l(rtexit.o)
    0x08000168   0x08000168   0x00000000   Code   RO         3322    .ARM.Collect$$rtexit$$00000002  c_p.l(rtexit2.o)
    0x08000168   0x08000168   0x00000004   Code   RO         3323    .ARM.Collect$$rtexit$$00000003  c_p.l(rtexit2.o)
    0x0800016c   0x0800016c   0x00000006   Code   RO         3324    .ARM.Collect$$rtexit$$00000004  c_p.l(rtexit2.o)
    0x08000172   0x08000172   0x00000002   PAD
    0x08000174   0x08000174   0x00000074   Code   RO         2547    .text               startup_stm32f051.o
    0x080001e8   0x080001e8   0x00000028   Code   RO         2978    .text               c_p.l(noretval__2sprintf.o)
    0x08000210   0x08000210   0x0000006c   Code   RO         2984    .text               c_p.l(_printf_dec.o)
    0x0800027c   0x0800027c   0x00000138   Code   RO         3019    .text               c_p.l(__printf_flags_wp.o)
    0x080003b4   0x080003b4   0x00000040   Code   RO         3032    .text               c_p.l(rt_memclr.o)
    0x080003f4   0x080003f4   0x0000015a   Code   RO         3034    .text               c_p.l(aeabi_sdiv.o)
    0x0800054e   0x0800054e   0x00000006   Code   RO         3038    .text               c_p.l(heapauxi.o)
    0x08000554   0x08000554   0x000000b0   Code   RO         3047    .text               c_p.l(_printf_intcommon.o)
    0x08000604   0x08000604   0x00000030   Code   RO         3049    .text               c_p.l(_printf_char_common.o)
    0x08000634   0x08000634   0x0000000a   Code   RO         3051    .text               c_p.l(_sputc.o)
    0x0800063e   0x0800063e   0x00000028   Code   RO         3062    .text               c_p.l(rtudiv10.o)
    0x08000666   0x08000666   0x0000003e   Code   RO         3104    .text               c_p.l(sys_stackheap_outer.o)
    0x080006a4   0x080006a4   0x00000010   Code   RO         3176    .text               c_p.l(exit.o)
    0x080006b4   0x080006b4   0x00000008   Code   RO         3255    .text               c_p.l(libspace.o)
    0x080006bc   0x080006bc   0x00000002   Code   RO         3258    .text               c_p.l(use_no_semi.o)
    0x080006be   0x080006be   0x00000000   Code   RO         3260    .text               c_p.l(indicate_semi.o)
    0x080006be   0x080006be   0x00000002   PAD
    0x080006c0   0x080006c0   0x0000000c   Code   RO         3319    .text               c_p.l(sys_exit.o)
    0x080006cc   0x080006cc   0x00000028   Code   RO         2882    i.ASCK_ADD          pc.o
    0x080006f4   0x080006f4   0x00000028   Code   RO         2883    i.ASCK_DEl          pc.o
    0x0800071c   0x0800071c   0x000000b4   Code   RO         2553    i.Board_GpioInit    gpio.o
    0x080007d0   0x080007d0   0x0000008c   Code   RO         2745    i.Combine_Finger_Feature  finger.o
    0x0800085c   0x0800085c   0x00000050   Code   RO         2390    i.Count_Init        main.o
    0x080008ac   0x080008ac   0x0000002c   Code   RO         2884    i.Data_Length       pc.o
    0x080008d8   0x080008d8   0x000000a0   Code   RO         2746    i.Del_finger        finger.o
    0x08000978   0x08000978   0x00000018   Code   RO         2747    i.Delay             finger.o
    0x08000990   0x08000990   0x00000018   Code   RO         2577    i.Delay_ms          lcd.o
    0x080009a8   0x080009a8   0x00000040   Code   RO         2474    i.EXTI0_1_IRQHandler  stm32f0xx_it.o
    0x080009e8   0x080009e8   0x0000000c   Code   RO          414    i.EXTI_ClearITPendingBit  stm32f0xx_exti.o
    0x080009f4   0x080009f4   0x00000014   Code   RO          418    i.EXTI_GetITStatus  stm32f0xx_exti.o
    0x08000a08   0x08000a08   0x0000006c   Code   RO          419    i.EXTI_Init         stm32f0xx_exti.o
    0x08000a74   0x08000a74   0x00000098   Code   RO         2748    i.Empty_The_FinLib  finger.o
    0x08000b0c   0x08000b0c   0x00000038   Code   RO          477    i.FLASH_ErasePage   stm32f0xx_flash.o
    0x08000b44   0x08000b44   0x00000028   Code   RO          480    i.FLASH_GetStatus   stm32f0xx_flash.o
    0x08000b6c   0x08000b6c   0x00000010   Code   RO          482    i.FLASH_Lock        stm32f0xx_flash.o
    0x08000b7c   0x08000b7c   0x00000018   Code   RO          500    i.FLASH_PrefetchBufferCmd  stm32f0xx_flash.o
    0x08000b94   0x08000b94   0x00000034   Code   RO          501    i.FLASH_ProgramHalfWord  stm32f0xx_flash.o
    0x08000bc8   0x08000bc8   0x00000014   Code   RO          503    i.FLASH_SetLatency  stm32f0xx_flash.o
    0x08000bdc   0x08000bdc   0x00000020   Code   RO          504    i.FLASH_Unlock      stm32f0xx_flash.o
    0x08000bfc   0x08000bfc   0x00000022   Code   RO          505    i.FLASH_WaitForLastOperation  stm32f0xx_flash.o
    0x08000c1e   0x08000c1e   0x00000002   PAD
    0x08000c20   0x08000c20   0x0000008c   Code   RO         2749    i.Finger_Feature_AND_Save_charbuffer1or2  finger.o
    0x08000cac   0x08000cac   0x0000008c   Code   RO         2750    i.Finger_Search_AND_Save_Image  finger.o
    0x08000d38   0x08000d38   0x00000018   Code   RO         2391    i.Flash_Read        main.o
    0x08000d50   0x08000d50   0x00000028   Code   RO         2392    i.Flash_pageWrite   main.o
    0x08000d78   0x08000d78   0x00000070   Code   RO          675    i.GPIO_Init         stm32f0xx_gpio.o
    0x08000de8   0x08000de8   0x00000020   Code   RO          676    i.GPIO_PinAFConfig  stm32f0xx_gpio.o
    0x08000e08   0x08000e08   0x00000018   Code   RO         2578    i.GUI_DrawPoint     lcd.o
    0x08000e20   0x08000e20   0x0000002c   Code   RO         2751    i.Get_Data_Length   finger.o
    0x08000e4c   0x08000e4c   0x00000084   Code   RO         2752    i.Get_NUM           finger.o
    0x08000ed0   0x08000ed0   0x00000074   Code   RO         2753    i.Get_Pack_Length   finger.o
    0x08000f44   0x08000f44   0x00000124   Code   RO         2579    i.Gui_DrawFont_GBK16  lcd.o
    0x08001068   0x08001068   0x00000002   Code   RO         2475    i.HardFault_Handler  stm32f0xx_it.o
    0x0800106a   0x0800106a   0x0000002e   Code   RO         2580    i.LCD_Clear         lcd.o
    0x08001098   0x08001098   0x0000002e   Code   RO         2581    i.LCD_Init          lcd.o
    0x080010c6   0x080010c6   0x00000056   Code   RO         2583    i.LCD_SetRegion     lcd.o
    0x0800111c   0x0800111c   0x0000001c   Code   RO         2585    i.LCD_WriteCmd      lcd.o
    0x08001138   0x08001138   0x0000001c   Code   RO         2586    i.LCD_WriteData     lcd.o
    0x08001154   0x08001154   0x00000028   Code   RO         2587    i.LCD_WriteData_16Bit  lcd.o
    0x0800117c   0x0800117c   0x00000002   Code   RO         2476    i.NMI_Handler       stm32f0xx_it.o
    0x0800117e   0x0800117e   0x00000002   PAD
    0x08001180   0x08001180   0x00000050   Code   RO          766    i.NVIC_Init         stm32f0xx_misc.o
    0x080011d0   0x080011d0   0x00000040   Code   RO         2885    i.Pack_Data         pc.o
    0x08001210   0x08001210   0x00000002   Code   RO         2477    i.PendSV_Handler    stm32f0xx_it.o
    0x08001212   0x08001212   0x00000002   PAD
    0x08001214   0x08001214   0x00000018   Code   RO          799    i.RCC_AHBPeriphClockCmd  stm32f0xx_rcc.o
    0x0800122c   0x0800122c   0x00000018   Code   RO          801    i.RCC_APB1PeriphClockCmd  stm32f0xx_rcc.o
    0x08001244   0x08001244   0x00000018   Code   RO          803    i.RCC_APB2PeriphClockCmd  stm32f0xx_rcc.o
    0x0800125c   0x0800125c   0x00000178   Code   RO          813    i.RCC_GetClocksFreq  stm32f0xx_rcc.o
    0x080013d4   0x080013d4   0x0000001c   Code   RO          822    i.RCC_HSICmd        stm32f0xx_rcc.o
    0x080013f0   0x080013f0   0x00000030   Code   RO         2589    i.SPI_WriteData     lcd.o
    0x08001420   0x08001420   0x00000002   Code   RO         2478    i.SVC_Handler       stm32f0xx_it.o
    0x08001422   0x08001422   0x00000002   PAD
    0x08001424   0x08001424   0x00000028   Code   RO         1064    i.SYSCFG_EXTILineConfig  stm32f0xx_syscfg.o
    0x0800144c   0x0800144c   0x000000a0   Code   RO         2756    i.Save_Finger_To_Flash  finger.o
    0x080014ec   0x080014ec   0x000000ac   Code   RO         2757    i.Search_Fingerlib  finger.o
    0x08001598   0x08001598   0x00000012   Code   RO         2758    i.Send_Command      finger.o
    0x080015aa   0x080015aa   0x00000002   PAD
    0x080015ac   0x080015ac   0x00000028   Code   RO         2886    i.Send_Match_OK     pc.o
    0x080015d4   0x080015d4   0x00000010   Code   RO         2887    i.Send_PACK         pc.o
    0x080015e4   0x080015e4   0x00000098   Code   RO            3    i.SetSysClock       system_stm32f0xx.o
    0x0800167c   0x0800167c   0x00000034   Code   RO         2590    i.Show_Image        lcd.o
    0x080016b0   0x080016b0   0x00000002   Code   RO         2479    i.SysTick_Handler   stm32f0xx_it.o
    0x080016b2   0x080016b2   0x00000002   PAD
    0x080016b4   0x080016b4   0x00000060   Code   RO            5    i.SystemInit        system_stm32f0xx.o
    0x08001714   0x08001714   0x00000030   Code   RO         2759    i.TIP_DELATE_ALL    finger.o
    0x08001744   0x08001744   0x0000001c   Code   RO         2760    i.TIP_FAILED        finger.o
    0x08001760   0x08001760   0x0000001c   Code   RO         2761    i.TIP_SUCCESS       finger.o
    0x0800177c   0x0800177c   0x0000002c   Code   RO         2763    i.TIP_WRITE_SUCCESS  finger.o
    0x080017a8   0x080017a8   0x00000074   Code   RO         2480    i.USART1_IRQHandler  stm32f0xx_it.o
    0x0800181c   0x0800181c   0x00000058   Code   RO         2683    i.USART1_RECV_Handle  uart.o
    0x08001874   0x08001874   0x00000030   Code   RO         2684    i.USART1_SendData   uart.o
    0x080018a4   0x080018a4   0x00000074   Code   RO         2481    i.USART2_IRQHandler  stm32f0xx_it.o
    0x08001918   0x08001918   0x00000030   Code   RO         2686    i.USART2_SendData   uart.o
    0x08001948   0x08001948   0x0000000a   Code   RO         2024    i.USART_ClearITPendingBit  stm32f0xx_usart.o
    0x08001952   0x08001952   0x00000014   Code   RO         2027    i.USART_Cmd         stm32f0xx_usart.o
    0x08001966   0x08001966   0x0000000e   Code   RO         2035    i.USART_GetFlagStatus  stm32f0xx_usart.o
    0x08001974   0x08001974   0x00000038   Code   RO         2036    i.USART_GetITStatus  stm32f0xx_usart.o
    0x080019ac   0x080019ac   0x0000002a   Code   RO         2038    i.USART_ITConfig    stm32f0xx_usart.o
    0x080019d6   0x080019d6   0x00000002   PAD
    0x080019d8   0x080019d8   0x000000a8   Code   RO         2039    i.USART_Init        stm32f0xx_usart.o
    0x08001a80   0x08001a80   0x00000008   Code   RO         2051    i.USART_ReceiveData  stm32f0xx_usart.o
    0x08001a88   0x08001a88   0x00000008   Code   RO         2056    i.USART_SendData    stm32f0xx_usart.o
    0x08001a90   0x08001a90   0x00000120   Code   RO         2688    i.User_USART_Init   uart.o
    0x08001bb0   0x08001bb0   0x0000000e   Code   RO         3017    i._is_digit         c_p.l(__printf_wp.o)
    0x08001bbe   0x08001bbe   0x00000002   PAD
    0x08001bc0   0x08001bc0   0x000003a8   Code   RO         2394    i.main              main.o
    0x08001f68   0x08001f68   0x00008000   Data   RO         2399    .constdata          main.o
    0x08009f68   0x08009f68   0x00000921   Data   RO         2591    .constdata          lcd.o
    0x0800a889   0x0800a889   0x00000011   Data   RO         3020    .constdata          c_p.l(__printf_flags_wp.o)
    0x0800a89a   0x0800a89a   0x00000002   PAD
    0x0800a89c   0x0800a89c   0x00000020   Data   RO         3401    Region$$Table       anon$$obj.o


    Execution Region RW_IRAM1 (Exec base: 0x20000000, Load base: 0x0800a8bc, Size: 0x00000ad0, Max: 0x00002000, ABSOLUTE)

    Exec Addr    Load Addr    Size         Type   Attr      Idx    E Section Name        Object

    0x20000000   0x0800a8bc   0x00000010   Data   RW          839    .data               stm32f0xx_rcc.o
    0x20000010   0x0800a8cc   0x00000001   Data   RW         2400    .data               main.o
    0x20000011   0x0800a8cd   0x00000001   Data   RW         2401    .data               main.o
    0x20000012   0x0800a8ce   0x00000001   Data   RW         2402    .data               main.o
    0x20000013   0x0800a8cf   0x00000001   Data   RW         2403    .data               main.o
    0x20000014   0x0800a8d0   0x00000008   Data   RW         2404    .data               main.o
    0x2000001c   0x0800a8d8   0x00000001   Data   RW         2407    .data               main.o
    0x2000001d   0x0800a8d9   0x00000001   Data   RW         2408    .data               main.o
    0x2000001e   0x0800a8da   0x00000001   Data   RW         2554    .data               gpio.o
    0x2000001f   0x0800a8db   0x00000001   Data   RW         2555    .data               gpio.o
    0x20000020   0x0800a8dc   0x00000004   Data   RW         2765    .data               finger.o
    0x20000024   0x0800a8e0   0x0000000c   Data   RW         2889    .data               pc.o
    0x20000030        -       0x00000148   Zero   RW         2395    .bss                main.o
    0x20000178        -       0x00000080   Zero   RW         2396    .bss                main.o
    0x200001f8        -       0x00000080   Zero   RW         2397    .bss                main.o
    0x20000278        -       0x00000194   Zero   RW         2764    .bss                finger.o
    0x2000040c        -       0x00000064   Zero   RW         2888    .bss                pc.o
    0x20000470        -       0x00000060   Zero   RW         3256    .bss                c_p.l(libspace.o)
    0x200004d0        -       0x00000200   Zero   RW         2545    HEAP                startup_stm32f051.o
    0x200006d0        -       0x00000400   Zero   RW         2544    STACK               startup_stm32f051.o


==============================================================================

Image component sizes


      Code (inc. data)   RO Data    RW Data    ZI Data      Debug   Object Name

      1546        178          0          4        404      11018   finger.o
       180          4          0          2          0        871   gpio.o
       714         28       2337          0          0       7736   lcd.o
      1080        220      32768         14        584       5080   main.o
       244         40          0         12        100       3903   pc.o
       116         56        192          0       1536        624   startup_stm32f051.o
       140         16          0          0          0       2124   stm32f0xx_exti.o
       274         42          0          0          0       5122   stm32f0xx_flash.o
       144          0          0          0          0       1759   stm32f0xx_gpio.o
       306         74          0          0          0       5424   stm32f0xx_it.o
        80         10          0          0          0        940   stm32f0xx_misc.o
       476         54          0         16          0       4147   stm32f0xx_rcc.o
        40          6          0          0          0        648   stm32f0xx_syscfg.o
       326         20          0          0          0       5999   stm32f0xx_usart.o
       248         22          0          0          0     198413   system_stm32f0xx.o
       472         52          0          0          0       3062   uart.o

    ----------------------------------------------------------------------
      6400        822      35329         48       2624     256870   Object Totals
         0          0         32          0          0          0   (incl. Generated)
        14          0          0          0          0          0   (incl. Padding)

    ----------------------------------------------------------------------

      Code (inc. data)   RO Data    RW Data    ZI Data      Debug   Library Member Name

         8          0          0          0          0         68   __main.o
       312          6         17          0          0         76   __printf_flags_wp.o
        14          0          0          0          0         60   __printf_wp.o
         0          0          0          0          0          0   __rtentry.o
        12          0          0          0          0          0   __rtentry2.o
         6          0          0          0          0          0   __rtentry4.o
        60          8          0          0          0          0   __scatter.o
        26          0          0          0          0          0   __scatter_copy.o
        28          0          0          0          0          0   __scatter_zi.o
        48          6          0          0          0         88   _printf_char_common.o
        10          0          0          0          0          0   _printf_d.o
       108         18          0          0          0         76   _printf_dec.o
       176          0          0          0          0         84   _printf_intcommon.o
         2          0          0          0          0          0   _printf_percent.o
         4          0          0          0          0          0   _printf_percent_end.o
        10          0          0          0          0         60   _sputc.o
       346          0          0          0          0         92   aeabi_sdiv.o
        16          0          0          0          0         68   exit.o
         6          0          0          0          0        136   heapauxi.o
         0          0          0          0          0          0   indicate_semi.o
         2          0          0          0          0          0   libinit.o
         2          0          0          0          0          0   libinit2.o
         2          0          0          0          0          0   libshutdown.o
         2          0          0          0          0          0   libshutdown2.o
         8          4          0          0         96         68   libspace.o
        40          4          0          0          0         84   noretval__2sprintf.o
        64          0          0          0          0        108   rt_memclr.o
         2          0          0          0          0          0   rtexit.o
        10          0          0          0          0          0   rtexit2.o
        40          0          0          0          0         60   rtudiv10.o
        12          4          0          0          0         60   sys_exit.o
        62          0          0          0          0         80   sys_stackheap_outer.o
         2          0          0          0          0         68   use_no_semi.o

    ----------------------------------------------------------------------
      1448         50         19          0         96       1336   Library Totals
         8          0          2          0          0          0   (incl. Padding)

    ----------------------------------------------------------------------

      Code (inc. data)   RO Data    RW Data    ZI Data      Debug   Library Name

      1440         50         17          0         96       1336   c_p.l

    ----------------------------------------------------------------------
      1448         50         19          0         96       1336   Library Totals

    ----------------------------------------------------------------------

==============================================================================


      Code (inc. data)   RO Data    RW Data    ZI Data      Debug   

      7848        872      35348         48       2720     254322   Grand Totals
      7848        872      35348         48       2720     254322   ELF Image Totals
      7848        872      35348         48          0          0   ROM Totals

==============================================================================

    Total RO  Size (Code + RO Data)                43196 (  42.18kB)
    Total RW  Size (RW Data + ZI Data)              2768 (   2.70kB)
    Total ROM Size (Code + RO Data + RW Data)      43244 (  42.23kB)

==============================================================================

