<html>
<body>
<pre>
<h1>µVision Build Log</h1>
<h2>Tool Versions:</h2>
IDE-Version: ¦ÌVision V5.24.2.0
Copyright (C) 2017 ARM Ltd and ARM Germany GmbH. All rights reserved.
License Information: asd asd, asd, LIC=4ZLZ9-46LK8-ZEVH2-9I83S-BSK4U-K3Y4U
 
Tool Versions:
Toolchain:       MDK-ARM Professional  Version: 5.24.1
Toolchain Path:  C:\Keil_v5\ARM\ARMCC\Bin
C Compiler:      Armcc.exe V5.06 update 5 (build 528)
Assembler:       Armasm.exe V5.06 update 5 (build 528)
Linker/Locator:  ArmLink.exe V5.06 update 5 (build 528)
Library Manager: ArmAr.exe V5.06 update 5 (build 528)
Hex Converter:   FromElf.exe V5.06 update 5 (build 528)
CPU DLL:         SARMCM3.DLL V5.24.1
Dialog DLL:      DARMCM1.DLL V1.18.0.0
Target DLL:      STLink\ST-LINKIII-KEIL_SWO.dll V3.0.1.0
Dialog DLL:      TARMCM1.DLL V1.13.0.0
 
<h2>Project:</h2>
D:\punched-card machine\stm32f0\MDK\Figner_led.uvproj
Project File Date:  11/14/2017

<h2>Output:</h2>
*** Using Compiler 'V5.06 update 5 (build 528)', folder: 'C:\Keil_v5\ARM\ARMCC\Bin'
Build target 'LED'
compiling PC.c...
..\USER\board\src\PC.c(72): warning:  #223-D: function "Delay" declared implicitly
  	Delay(200);
..\USER\board\src\PC.c(86): warning:  #1-D: last line of file ends without a newline
  }
..\USER\board\src\PC.c: 2 warnings, 0 errors
linking...
Program Size: Code=7848 RO-data=35348 RW-data=48 ZI-data=2720  
FromELF: creating hex file...
".\Objects\Figner_led.axf" - 0 Error(s), 2 Warning(s).
Build Time Elapsed:  00:00:02
</pre>
</body>
</html>
